[2J[01;01H[=3h[2J[01;01H[2J[01;01H[=3h[2J[01;01H[2J[01;01H[=3h[2J[01;01HBdsDxe: loading Boot0001 "UEFI QEMU DVD-ROM QM00005 " from PciRoot(0x0)/Pci(0x1F,0x2)/Sata(0x2,0xFFFF,0x0)
BdsDxe: starting Boot0001 "UEFI QEMU DVD-ROM QM00005 " from PciRoot(0x0)/Pci(0x1F,0x2)/Sata(0x2,0xFFFF,0x0)
KuroganeOS loader 1.0
Press S or F8 for safe mode...
Exiting boot services...
[INFO][BOOT][CPU0][PID0:TID0] KuroganeOS kernel entry

[terminal cleared]
KUROGANE OS
x86-64 UEFI kernel 1.0
boot protocol: v2 (memory map + boot flags)
[INFO][KERNEL][CPU0][PID0:TID0] GDT, TSS and IST stacks initialized
[INFO][KERNEL][CPU0][PID0:TID0] IDT initialized
[INFO][KERNEL][CPU0][PID0:TID0] CPU exception handlers installed
[INFO][MEMORY][CPU0][PID0:TID0] kernel heap bytes=2097120
[INFO][MEMORY][CPU0][PID0:TID0] cloning active UEFI four-level page-table root
[INFO][MEMORY][CPU0][PID0:TID0] page-table backend initialized; running CPU mapping test
[INFO][MEMORY][CPU0][PID0:TID0] virtual memory manager ready, CR3=0x1780000
[TEST] paging: PASS
[TEST] memory_allocator: PASS
[TEST] ramfs_bootstrap: PASS
[INFO][FS][CPU0][PID0:TID0] root RAMFS mounted
[INFO][SCHED][CPU0][PID0:TID0] scheduler initialized
[INFO][TIME][CPU0][PID0:TID0] PIT monotonic clock ready
[INFO][INTERRUPTS][CPU0][PID0:TID0] PIC, PIT and keyboard ready
interrupts/timer/keyboard: READY
PS/2 controller: configured
PCI devices: 5
network loopback: PASS (127.0.0.1)
[TEST] network_loopback: PASS
[TEST] ALL_REQUIRED_TESTS_PASSED
Type 'help' for commands.

kurogane:/ $ 