[2J[01;01H[=3h[2J[01;01H[2J[01;01H[=3h[2J[01;01H[2J[01;01H[=3h[2J[01;01HBdsDxe: loading Boot0001 "UEFI QEMU DVD-ROM QM00003 " from PciRoot(0x0)/Pci(0x1F,0x2)/Sata(0x1,0xFFFF,0x0)
BdsDxe: starting Boot0001 "UEFI QEMU DVD-ROM QM00003 " from PciRoot(0x0)/Pci(0x1F,0x2)/Sata(0x1,0xFFFF,0x0)
KuroganeOS loader 2.0
Default boot=console. Press D for boot=desktop (DESKTOP ALPHA), S or F8 for safe mode, X for diagnostics...
Installer package loaded
Exiting boot services...
[INFO][BOOT][CPU0][KERNEL] KuroganeOS kernel entry

[terminal cleared]
KUROGANE OS
x86-64 UEFI kernel 2.0
boot protocol: v3 (memory map + boot flags + installer payload)
INSTALLER MODE: explicit virtual-disk deployment
boot=console
[INFO][BOOT][CPU0][KERNEL] boot=console
[INFO][KERNEL][CPU0][KERNEL] GDT, TSS and IST stacks initialized
[INFO][KERNEL][CPU0][KERNEL] IDT initialized
[INFO][KERNEL][CPU0][KERNEL] CPU exception handlers installed
[INFO][MEMORY][CPU0][KERNEL] kernel heap bytes=2097120
[INFO][MEMORY][CPU0][KERNEL] cloning active UEFI four-level page-table root
[INFO][MEMORY][CPU0][KERNEL] page-table backend initialized; running CPU mapping test
[INFO][MEMORY][CPU0][KERNEL] virtual memory manager ready, CR3=0x1780000
[TEST] paging: PASS
[INFO][ACPI][CPU0][KERNEL] MADT processors=1
[INFO][ACPI][CPU0][KERNEL] MADT I/O APICs=1
[TEST] acpi_madt: PASS
[INFO][APIC][CPU0][KERNEL] Local APIC id=0
[INFO][APIC][CPU0][KERNEL] mapped I/O APICs=1
[TEST] apic_discovery: PASS (PIC fallback active)
[INFO][DEVICE][CPU0][KERNEL] registered devices=10

KuroganeOS text installer 2.0
validated package files: 24
installer: detected disks
  [0] QEMU HARDDISK - 512 MiB
installer: select target disk index: 0
WARNING: the selected guest disk will be repartitioned.
installer: type INSTALL to confirm: INSTALL
installer stage 1/8: target confirmed
installer stage 2/8: protective MBR and mirrored GPT written
installer stage 3/8: ESP and root partitions selected
installer stage 4/8: FAT32 filesystems prepared
installer stage 5/8: directory tree created
installer stage 6/8: system and UEFI bootloader copied
installer stage 7/8: boot configuration committed
installer stage 8/8: installed files verified
[TEST] installer_gpt: PASS
[TEST] installer_filesystems: PASS
[TEST] installer_uefi_bootloader: PASS
[TEST] installer_complete: PASS
Installation complete. Power off and boot without the ISO.
