[2J[01;01H[=3h[2J[01;01H[2J[01;01H[=3h[2J[01;01H[2J[01;01H[=3h[2J[01;01HBdsDxe: loading Boot0001 "UEFI QEMU HARDDISK QM00001 " from PciRoot(0x0)/Pci(0x1F,0x2)/Sata(0x0,0xFFFF,0x0)
BdsDxe: starting Boot0001 "UEFI QEMU HARDDISK QM00001 " from PciRoot(0x0)/Pci(0x1F,0x2)/Sata(0x0,0xFFFF,0x0)
KuroganeOS loader 1.0
Default boot=console. Press D for boot=desktop (EXPERIMENTAL), S or F8 for safe mode, X for diagnostics...
Exiting boot services...
[INFO][BOOT][CPU0][KERNEL] KuroganeOS kernel entry

[terminal cleared]
KUROGANE OS
x86-64 UEFI kernel 1.0
boot protocol: v2 (memory map + boot flags)
boot=console
[INFO][BOOT][CPU0][KERNEL] boot=console
[INFO][KERNEL][CPU0][KERNEL] GDT, TSS and IST stacks initialized
[INFO][KERNEL][CPU0][KERNEL] IDT initialized
[INFO][KERNEL][CPU0][KERNEL] CPU exception handlers installed
[INFO][MEMORY][CPU0][KERNEL] kernel heap bytes=2097120
[INFO][MEMORY][CPU0][KERNEL] cloning active UEFI four-level page-table root
[INFO][MEMORY][CPU0][KERNEL] page-table backend initialized; running CPU mapping test
[INFO][MEMORY][CPU0][KERNEL] virtual memory manager ready, CR3=0x1780000
[TEST] paging: PASS
[TEST] memory_allocator: PASS
[TEST] ramfs_bootstrap: PASS
[INFO][FS][CPU0][KERNEL] root RAMFS mounted
[INFO][AHCI][CPU0][KERNEL] PCI AHCI controllers detected=1
[INFO][AHCI][CPU0][KERNEL] active AHCI controllers=1
[INFO][AHCI][CPU0][KERNEL] registered SATA block devices=2
[INFO][AHCI][CPU0][KERNEL] QEMU HARDDISK
[INFO][AHCI][CPU0][KERNEL] logical sector bytes=512
[INFO][AHCI][CPU0][KERNEL] logical sector count=1048576
[INFO][GPT][CPU0][KERNEL] validated primary GPT partitions=2
[INFO][AHCI][CPU0][KERNEL] QEMU HARDDISK
[INFO][AHCI][CPU0][KERNEL] logical sector bytes=512
[INFO][AHCI][CPU0][KERNEL] logical sector count=32768
[INFO][GPT][CPU0][KERNEL] invalid GPT signature
[INFO][AHCI][CPU0][KERNEL] tagged scratch write/flush/readback/restore passed
[TEST] ahci_write_flush_readback_restore: PASS
[INFO][SCHED][CPU0][KERNEL] scheduler initialized
[INFO][TIME][CPU0][KERNEL] PIT monotonic clock ready
[INFO][INTERRUPTS][CPU0][KERNEL] PIC, PIT and keyboard ready
interrupts/timer/keyboard: READY
PS/2 controller: configured
PCI devices: 5
network loopback: PASS (127.0.0.1)
[TEST] network_loopback: PASS
[TEST] ALL_REQUIRED_TESTS_PASSED
Type 'help' for commands.

kurogane:/ $ version
KuroganeOS 1.0 x86_64 UEFI
kurogane:/ $ abi
application ABI 1.0 descriptor=48 page=4096 features=0x0
transport: unavailable (ring-3/syscalls not implemented)
kurogane:/ $ free
heap total=2097120 used=1444 free=2094856 allocations=14
frames total=42988 used=8 free=42980 reserved=0
kurogane:/ $ pwd
/
kurogane:/ $ cd home
kurogane:/home $ pwd
/home
kurogane:/home $ mkdir smoke
kurogane:/home $ write smoke/source.txt shelltestdata
kurogane:/home $ cp smoke/source.txt smoke/copy.txt
kurogane:/home $ mv smoke/copy.txt smoke/moved.txt
kurogane:/home $ cat smoke/moved.txt
shelltestdata
kurogane:/home $ stat smoke/moved.txt
/home/smoke/moved.txt type=file size=13
kurogane:/home $ mkdir /tmp/remove
kurogane:/home $ rmdir /tmp/remove
kurogane:/home $ whoami
kernel
kurogane:/home $ uptime
512 ticks
kurogane:/home $ net ping
reply from 127.0.0.1: sequence=1 bytes=4
kurogane:/home $ history
1  free
2  pwd
3  cd home
4  pwd
5  mkdir smoke
6  write smoke/source.txt shelltestdata
7  cp smoke/source.txt smoke/copy.txt
8  mv smoke/copy.txt smoke/moved.txt
9  cat smoke/moved.txt
10  stat smoke/moved.txt
11  mkdir /tmp/remove
12  rmdir /tmp/remove
13  whoami
14  uptime
15  net ping
16  history
kurogane:/home $ echo shelltestpass
shelltestpass
kurogane:/home $ 