[2J[01;01H[=3h[2J[01;01H[2J[01;01H[=3h[2J[01;01H[2J[01;01H[=3h[2J[01;01HBdsDxe: loading Boot0001 "UEFI QEMU HARDDISK QM00001 " from PciRoot(0x0)/Pci(0x1F,0x2)/Sata(0x0,0xFFFF,0x0)
BdsDxe: starting Boot0001 "UEFI QEMU HARDDISK QM00001 " from PciRoot(0x0)/Pci(0x1F,0x2)/Sata(0x0,0xFFFF,0x0)
KuroganeOS loader 1.1
Default boot=console. Press D for boot=desktop (EXPERIMENTAL), S or F8 for safe mode, X for diagnostics...
Exiting boot services...
[INFO][BOOT][CPU0][KERNEL] KuroganeOS kernel entry

[terminal cleared]
KUROGANE OS
x86-64 UEFI kernel 1.1
boot protocol: v2 (memory map + boot flags)
boot=console
[INFO][BOOT][CPU0][KERNEL] boot=console
[INFO][KERNEL][CPU0][KERNEL] GDT, TSS and IST stacks initialized
[INFO][KERNEL][CPU0][KERNEL] IDT initialized
[INFO][KERNEL][CPU0][KERNEL] CPU exception handlers installed
[INFO][MEMORY][CPU0][KERNEL] kernel heap bytes=2097120
[INFO][MEMORY][CPU0][KERNEL] cloning active UEFI four-level page-table root
[INFO][MEMORY][CPU0][KERNEL] page-table backend initialized; running CPU mapping test
[INFO][MEMORY][CPU0][KERNEL] virtual memory manager ready, CR3=0x1780000
[TEST] paging: PASS
[INFO][USER][CPU0][KERNEL] ring-3 runtime and int 0x80 syscall gate initialized
[TEST] user_runtime: PASS
[TEST] memory_allocator: PASS
[TEST] ramfs_bootstrap: PASS
[INFO][FS][CPU0][KERNEL] root RAMFS mounted
[INFO][DEVICE][CPU0][KERNEL] registered devices=5
[INFO][AHCI][CPU0][KERNEL] PCI AHCI controllers detected=1
[INFO][AHCI][CPU0][KERNEL] active AHCI controllers=1
[INFO][AHCI][CPU0][KERNEL] registered SATA block devices=1
[INFO][AHCI][CPU0][KERNEL] QEMU HARDDISK
[INFO][AHCI][CPU0][KERNEL] logical sector bytes=512
[INFO][AHCI][CPU0][KERNEL] logical sector count=1048576
[INFO][GPT][CPU0][KERNEL] validated primary GPT partitions=2
[INFO][VFS][CPU0][KERNEL] persistent FAT32 root mounted read-only
[INFO][VFS][CPU0][KERNEL] /etc/system.conf bytes=51
[TEST] fat32_vfs_read: PASS
hello from ring3 via SYS_WRITE
[TEST] ring3_hello_syscalls: PASS
[WARN][USER][CPU0][KERNEL] isolated ring-3 exception vector=14
[TEST] ring3_fault_isolation: PASS
[INFO][SCHED][CPU0][KERNEL] scheduler initialized
[INFO][THREAD][CPU0][KERNEL] two kernel threads switched on separate stacks
[TEST] kernel_context_switch: PASS
hello from ring3 via SYS_WRITE
hello from ring3 via SYS_WRITE
[INFO][PROCESS][CPU0][KERNEL] two ELF processes reached zombie and were reaped
[TEST] process_spawn_wait: PASS
[INFO][TIME][CPU0][KERNEL] PIT monotonic clock ready
[INFO][INTERRUPTS][CPU0][KERNEL] PIC, PIT and keyboard ready
interrupts/timer/keyboard: READY
PS/2 controller: configured
[INFO][THREAD][CPU0][KERNEL] IRQ0 preempted two non-yielding kernel threads
[TEST] kernel_preemption: PASS
PTAF
KERNEL PANIC
module=CPU reason=invalid opcode
vector=6 error=0x0
rip=0x40000000025B rsp=0x400001FFFFF0 rbp=0xDB381E0
cs=0x23 rflags=0x10206
rax=0xFFFFFFFFFFFFFFF4 rbx=0x0 rcx=0x4B55524F41424931 rdx=0x1
rsi=0x400000001059 rdi=0x1 r8=0xDB36CF8 r9=0x9
r10=0xD87E987 r11=0x0 r12=0x400002800000 