[2J[01;01H[=3h[2J[01;01H[2J[01;01H[=3h[2J[01;01H[2J[01;01H[=3h[2J[01;01HBdsDxe: loading Boot0001 "UEFI QEMU HARDDISK QM00001 " from PciRoot(0x0)/Pci(0x1F,0x2)/Sata(0x0,0xFFFF,0x0)
BdsDxe: starting Boot0001 "UEFI QEMU HARDDISK QM00001 " from PciRoot(0x0)/Pci(0x1F,0x2)/Sata(0x0,0xFFFF,0x0)
KuroganeOS loader 1.6
Default boot=console. Press D for boot=desktop (EXPERIMENTAL), S or F8 for safe mode, X for diagnostics...
boot=desktop (EXPERIMENTAL) requested
Exiting boot services...
[INFO][BOOT][CPU0][KERNEL] KuroganeOS kernel entry

[terminal cleared]
KUROGANE OS
x86-64 UEFI kernel 1.6
boot protocol: v2 (memory map + boot flags)
boot=desktop (EXPERIMENTAL)
[WARN][GUI][CPU0][KERNEL] boot=desktop enabled; framebuffer GUI remains experimental
[INFO][KERNEL][CPU0][KERNEL] GDT, TSS and IST stacks initialized
[INFO][KERNEL][CPU0][KERNEL] IDT initialized
[INFO][KERNEL][CPU0][KERNEL] CPU exception handlers installed
[INFO][MEMORY][CPU0][KERNEL] kernel heap bytes=2097120
[INFO][MEMORY][CPU0][KERNEL] cloning active UEFI four-level page-table root
[INFO][MEMORY][CPU0][KERNEL] page-table backend initialized; running CPU mapping test
[INFO][MEMORY][CPU0][KERNEL] virtual memory manager ready, CR3=0x1780000
[TEST] paging: PASS
[INFO][USER][CPU0][KERNEL] ring-3 runtime and int 0x80 syscall gate initialized
[TEST] user_runtime: PASS
[TEST] memory_allocator: PASS
[TEST] ramfs_bootstrap: PASS
[INFO][FS][CPU0][KERNEL] root RAMFS mounted
[INFO][DEVICE][CPU0][KERNEL] registered devices=6
[INFO][AHCI][CPU0][KERNEL] PCI AHCI controllers detected=1
[INFO][AHCI][CPU0][KERNEL] active AHCI controllers=1
[INFO][AHCI][CPU0][KERNEL] registered SATA block devices=1
[INFO][AHCI][CPU0][KERNEL] QEMU HARDDISK
[INFO][AHCI][CPU0][KERNEL] logical sector bytes=512
[INFO][AHCI][CPU0][KERNEL] logical sector count=1048576
[INFO][GPT][CPU0][KERNEL] validated primary GPT partitions=2
[INFO][VFS][CPU0][KERNEL] persistent FAT32 root mounted read-write
[INFO][VFS][CPU0][KERNEL] /etc/system.conf bytes=51
[TEST] fat32_vfs_read: PASS
[TEST] fat32_persistence_prepare: PASS
hello from ring3 via SYS_WRITE
[TEST] ring3_hello_syscalls: PASS
[WARN][USER][CPU0][KERNEL] isolated ring-3 exception vector=14
[TEST] ring3_fault_isolation: PASS
[INFO][SCHED][CPU0][KERNEL] scheduler initialized
[INFO][THREAD][CPU0][KERNEL] two kernel threads switched on separate stacks
[TEST] kernel_context_switch: PASS
hello from ring3 via SYS_WRITE
hello from ring3 via SYS_WRITE
[INFO][PROCESS][CPU0][KERNEL] two ELF processes reached zombie and were reaped
[TEST] process_spawn_wait: PASS
[INFO][TIME][CPU0][KERNEL] PIT monotonic clock ready
[INFO][INTERRUPTS][CPU0][KERNEL] PIC, PIT, keyboard, mouse and input queue ready
interrupts/timer/input: READY
PS/2 controller: configured
PS/2 mouse: configured (wheel)
[TEST] ps2_mouse: PASS
[INFO][THREAD][CPU0][KERNEL] IRQ0 preempted two non-yielding kernel threads
[TEST] kernel_preemption: PASS
hello from ring3 via SYS_WRITE
userspace ABI probe passed
