[2J[01;01H[=3h[2J[01;01H[2J[01;01H[=3h[2J[01;01H[2J[01;01H[=3h[2J[01;01HBdsDxe: loading Boot0001 "UEFI QEMU HARDDISK QM00001 " from PciRoot(0x0)/Pci(0x1F,0x2)/Sata(0x0,0xFFFF,0x0)
BdsDxe: starting Boot0001 "UEFI QEMU HARDDISK QM00001 " from PciRoot(0x0)/Pci(0x1F,0x2)/Sata(0x0,0xFFFF,0x0)
KuroganeOS loader 1.4
Default boot=console. Press D for boot=desktop (EXPERIMENTAL), S or F8 for safe mode, X for diagnostics...
boot=desktop (EXPERIMENTAL) requested
Exiting boot services...
[INFO][BOOT][CPU0][KERNEL] KuroganeOS kernel entry

[terminal cleared]
KUROGANE OS
x86-64 UEFI kernel 1.4
boot protocol: v2 (memory map + boot flags)
boot=desktop (EXPERIMENTAL)
[WARN][GUI][CPU0][KERNEL] boot=desktop enabled; framebuffer GUI remains experimental
[INFO][KERNEL][CPU0][KERNEL] GDT, TSS and IST stacks initialized
[INFO][KERNEL][CPU0][KERNEL] IDT initialized
[INFO][KERNEL][CPU0][KERNEL] CPU exception handlers installed
[INFO][MEMORY][CPU0][KERNEL] kernel heap bytes=2097120
[INFO][MEMORY][CPU0][KERNEL] cloning active UEFI four-level page-table root
[INFO][MEMORY][CPU0][KERNEL] page-table backend initialized; running CPU mapping test
[INFO][MEMORY][CPU0][KERNEL] virtual memory manager ready, CR3=0x1780000
[TEST] paging: PASS
[INFO][USER][CPU0][KERNEL] ring-3 runtime and int 0x80 syscall gate initialized
[TEST] user_runtime: PASS
[TEST] memory_allocator: PASS
[TEST] ramfs_bootstrap: PASS
[INFO][FS][CPU0][KERNEL] root RAMFS mounted
[INFO][DEVICE][CPU0][KERNEL] registered devices=6
[INFO][AHCI][CPU0][KERNEL] PCI AHCI controllers detected=1
[INFO][AHCI][CPU0][KERNEL] active AHCI controllers=1
[INFO][AHCI][CPU0][KERNEL] registered SATA block devices=1
[INFO][AHCI][CPU0][KERNEL] QEMU HARDDISK
[INFO][AHCI][CPU0][KERNEL] logical sector bytes=512
[INFO][AHCI][CPU0][KERNEL] logical sector count=1048576
[INFO][GPT][CPU0][KERNEL] validated primary GPT partitions=2
[INFO][VFS][CPU0][KERNEL] persistent FAT32 root mounted read-write
[INFO][VFS][CPU0][KERNEL] /etc/system.conf bytes=51
[TEST] fat32_vfs_read: PASS
[TEST] fat32_persistence_prepare: PASS
hello from ring3 via SYS_WRITE
[TEST] ring3_hello_syscalls: PASS
[WARN][USER][CPU0][KERNEL] isolated ring-3 exception vector=14
[TEST] ring3_fault_isolation: PASS
[INFO][SCHED][CPU0][KERNEL] scheduler initialized
[INFO][THREAD][CPU0][KERNEL] two kernel threads switched on separate stacks
[TEST] kernel_context_switch: PASS
hello from ring3 via SYS_WRITE
hello from ring3 via SYS_WRITE
[INFO][PROCESS][CPU0][KERNEL] two ELF processes reached zombie and were reaped
[TEST] process_spawn_wait: PASS
[INFO][TIME][CPU0][KERNEL] PIT monotonic clock ready
[INFO][INTERRUPTS][CPU0][KERNEL] PIC, PIT, keyboard, mouse and input queue ready
interrupts/timer/input: READY
PS/2 controller: configured
PS/2 mouse: configured (wheel)
[TEST] ps2_mouse: PASS
[INFO][THREAD][CPU0][KERNEL] IRQ0 preempted two non-yielding kernel threads
[TEST] kernel_preemption: PASS
hello from ring3 via SYS_WRITE
userspace ABI probe passed
[INFO][PROCESS][CPU0][KERNEL] Ring-3 probe timer ticks=1000
[INFO][PROCESS][CPU0][KERNEL] Ring-3 probe preemptions=15
[INFO][PROCESS][CPU0][KERNEL] Ring-3 probe completed threads=2
[INFO][PROCESS][CPU0][KERNEL] IRQ0 preempted a non-cooperating Ring-3 process
[TEST] ring3_preemption: PASS
[TEST] user_multitasking: PASS
[TEST] syscall_process_abi: PASS
PCI devices: 6
network: E1000 link READY
[TEST] e1000_link: PASS
[TEST] dhcp_lease: PASS
[TEST] udp_transport: PASS
gateway ICMP: PASS
[TEST] network_gateway_icmp: PASS
DNS A example.com: PASS
[TEST] dns_resolver: PASS
[TEST] tcp_http_optional: PASS
[TEST] network_online_icmp: PASS
[TEST] ALL_REQUIRED_TESTS_PASSED
Type 'help' for commands.

kurogane:/ $ desktop window manager ready: 2 concurrent windows
[TEST] window_manager_multiwindow: PASS
[WARN][GUI][CPU0][KERNEL] experimental desktop session started

[terminal cleared]
KuroganeOS application closed.
kurogane:/ $ version
KuroganeOS 1.4 x86_64 UEFI
kurogane:/ $ abi
application ABI 1.0 descriptor=48 page=4096 features=0x0
transport: available
kurogane:/ $ free
heap total=2097120 used=1444 free=2094856 allocations=14
frames total=42988 used=27 free=42961 reserved=0
kurogane:/ $ pwd
/
kurogane:/ $ cd home
kurogane:/home $ pwd
/home
kurogane:/home $ mkdir smoke
kurogane:/home $ write smoke/source.txt shelltestdata
kurogane:/home $ cp smoke/source.txt smoke/copy.txt
kurogane:/home $ mv smoke/copy.txt smoke/moved.txt
kurogane:/home $ cat smoke/moved.txt
shelltestdata
kurogane:/home $ stat smoke/moved.txt
/home/smoke/moved.txt type=file size=13
kurogane:/home $ mkdir /tmp/remove
kurogane:/home $ rmdir /tmp/remove
kurogane:/home $ whoami
kernel
kurogane:/home $ uptime
1602 ticks
kurogane:/home $ net ping
reply from 10.0.2.2: sequence=1 bytes=4
kurogane:/home $ ip
interface e1000 address=10.0.2.15 mask=255.255.255.0 gateway=10.0.2.2
tx=10 rx=12 drop=0 icmp replies=3
kurogane:/home $ ifconfig
interface e1000 address=10.0.2.15 mask=255.255.255.0 gateway=10.0.2.2
tx=10 rx=12 drop=0 icmp replies=3
kurogane:/home $ route
connected 10.0.2.15 mask 255.255.255.0 dev e1000
default via 10.0.2.2 dev e1000
kurogane:/home $ arp
10.0.2.15 at 52:54:00:4b:55:01 REACHABLE
10.0.2.2 at 52:55:0a:00:02:02 REACHABLE
10.0.2.3 at 52:55:0a:00:02:02 REACHABLE
104.20.23.154 at 52:55:0a:00:02:02 REACHABLE
1.1.1.1 at 52:55:0a:00:02:02 REACHABLE
kurogane:/home $ ping 10.0.2.2
reply from 10.0.2.2: sequence=100 bytes=4
kurogane:/home $ device list
Device Manager: 7 devices
ID  CLASS  DRIVER  STATUS
0  Bridge  -  DISCOVERED
1  Display  -  DISCOVERED
2  Network  -  DISCOVERED
3  Bridge  -  DISCOVERED
4  StorageController  ahci  READY
5  Unknown  -  DISCOVERED
6  Block  ahci  READY
kurogane:/home $ driver list
Driver Manager: 1 drivers
ahci  READY  attached=1
kurogane:/home $ diskinfo
Disks: 1
Disk 0 driver=AHCI model=QEMU HARDDISK blocks=1048576 block_size=512 status=READY
RootFS: FAT32 label=KURO_ROOT first_lba=133120 blocks=913408 mode=read-write vfs=READY
kurogane:/home $ apps
  desktop - EXPERIMENTAL graphical application launcher
  monitor - EXPERIMENTAL live memory and hardware monitor
  files - EXPERIMENTAL RAMFS file browser
  about - EXPERIMENTAL KuroganeOS information
kurogane:/home $ gui
desktop window manager ready: 2 concurrent windows
[TEST] window_manager_multiwindow: PASS

[terminal cleared]
KuroganeOS application closed.
kurogane:/home $ history
1  mkdir /tmp/remove
2  rmdir /tmp/remove
3  whoami
4  uptime
5  net ping
6  ip
7  ifconfig
8  route
9  arp
10  ping 10.0.2.2
11  device list
12  driver list
13  diskinfo
14  apps
15  gui
16  history
kurogane:/home $ echo shelltestpass
shelltestpass
kurogane:/home $ 