[2J[01;01H[=3h[2J[01;01H[2J[01;01H[=3h[2J[01;01H[2J[01;01H[=3h[2J[01;01HBdsDxe: loading Boot0001 "UEFI QEMU HARDDISK QM00001 " from PciRoot(0x0)/Pci(0x1F,0x2)/Sata(0x0,0xFFFF,0x0)
BdsDxe: starting Boot0001 "UEFI QEMU HARDDISK QM00001 " from PciRoot(0x0)/Pci(0x1F,0x2)/Sata(0x0,0xFFFF,0x0)
KuroganeOS loader 2.0
Default boot=console. Press D for boot=desktop (DESKTOP ALPHA), S or F8 for safe mode, X for diagnostics...
Exiting boot services...
[INFO][BOOT][CPU0][KERNEL] KuroganeOS kernel entry

[terminal cleared]
KUROGANE OS
x86-64 UEFI kernel 2.0
boot protocol: v3 (memory map + boot flags + installer payload)
boot=console
[INFO][BOOT][CPU0][KERNEL] boot=console
[INFO][KERNEL][CPU0][KERNEL] GDT, TSS and IST stacks initialized
[INFO][KERNEL][CPU0][KERNEL] IDT initialized
[INFO][KERNEL][CPU0][KERNEL] CPU exception handlers installed
[INFO][MEMORY][CPU0][KERNEL] kernel heap bytes=2097120
[INFO][MEMORY][CPU0][KERNEL] cloning active UEFI four-level page-table root
[INFO][MEMORY][CPU0][KERNEL] page-table backend initialized; running CPU mapping test
[INFO][MEMORY][CPU0][KERNEL] virtual memory manager ready, CR3=0x1780000
[TEST] paging: PASS
[INFO][ACPI][CPU0][KERNEL] MADT processors=1
[INFO][ACPI][CPU0][KERNEL] MADT I/O APICs=1
[TEST] acpi_madt: PASS
[INFO][APIC][CPU0][KERNEL] Local APIC id=0
[INFO][APIC][CPU0][KERNEL] mapped I/O APICs=1
[TEST] apic_discovery: PASS (PIC fallback active)
[INFO][USER][CPU0][KERNEL] ring-3 runtime and int 0x80 syscall gate initialized
[TEST] user_runtime: PASS
[TEST] memory_allocator: PASS
[TEST] ramfs_bootstrap: PASS
[INFO][FS][CPU0][KERNEL] root RAMFS mounted
