[2J[01;01H[=3h[2J[01;01H[2J[01;01H[=3h[2J[01;01H[2J[01;01H[=3h[2J[01;01HBdsDxe: loading Boot0001 "UEFI QEMU HARDDISK QM00001 " from PciRoot(0x0)/Pci(0x1F,0x2)/Sata(0x0,0xFFFF,0x0)
BdsDxe: starting Boot0001 "UEFI QEMU HARDDISK QM00001 " from PciRoot(0x0)/Pci(0x1F,0x2)/Sata(0x0,0xFFFF,0x0)
KuroganeOS loader 1.0
Default boot=console. Press D for boot=desktop (EXPERIMENTAL), S or F8 for safe mode, X for diagnostics...
Exiting boot services...
[INFO][BOOT][CPU0][KERNEL] KuroganeOS kernel entry

[terminal cleared]
KUROGANE OS
x86-64 UEFI kernel 1.0
boot protocol: v2 (memory map + boot flags)
boot=console
[INFO][BOOT][CPU0][KERNEL] boot=console
[INFO][KERNEL][CPU0][KERNEL] GDT, TSS and IST stacks initialized
[INFO][KERNEL][CPU0][KERNEL] IDT initialized
[INFO][KERNEL][CPU0][KERNEL] CPU exception handlers installed
[INFO][MEMORY][CPU0][KERNEL] kernel heap bytes=2097120
[INFO][MEMORY][CPU0][KERNEL] cloning active UEFI four-level page-table root
[INFO][MEMORY][CPU0][KERNEL] page-table backend initialized; running CPU mapping test
[INFO][MEMORY][CPU0][KERNEL] virtual memory manager ready, CR3=0x1780000
[TEST] paging: PASS
[INFO][USER][CPU0][KERNEL] ring-3 runtime and int 0x80 syscall gate initialized
[TEST] user_runtime: PASS
[TEST] memory_allocator: PASS
[TEST] ramfs_bootstrap: PASS
[INFO][FS][CPU0][KERNEL] root RAMFS mounted
[INFO][DEVICE][CPU0][KERNEL] registered devices=5
[INFO][AHCI][CPU0][KERNEL] PCI AHCI controllers detected=1
[INFO][AHCI][CPU0][KERNEL] active AHCI controllers=1
[INFO][AHCI][CPU0][KERNEL] registered SATA block devices=1
[INFO][AHCI][CPU0][KERNEL] QEMU HARDDISK
[INFO][AHCI][CPU0][KERNEL] logical sector bytes=512
[INFO][AHCI][CPU0][KERNEL] logical sector count=1048576
[INFO][GPT][CPU0][KERNEL] validated primary GPT partitions=2
[INFO][VFS][CPU0][KERNEL] persistent FAT32 root mounted read-only
[INFO][VFS][CPU0][KERNEL] /etc/system.conf bytes=51
[TEST] fat32_vfs_read: PASS
hello from ring3 via SYS_WRITE
[TEST] ring3_hello_syscalls: PASS
[WARN][USER][CPU0][KERNEL] isolated ring-3 exception vector=14
[TEST] ring3_fault_isolation: PASS
[INFO][SCHED][CPU0][KERNEL] scheduler initialized
[INFO][TIME][CPU0][KERNEL] PIT monotonic clock ready
[INFO][INTERRUPTS][CPU0][KERNEL] PIC, PIT and keyboard ready
interrupts/timer/keyboard: READY
PS/2 controller: configured
PCI devices: 5
network loopback: PASS (127.0.0.1)
[TEST] network_loopback: PASS
[TEST] ALL_REQUIRED_TESTS_PASSED
Type 'help' for commands.

kurogane:/ $ 