Step: Foundation GPT/FAT image validation
Started: 2026-08-14T03:46:25.8578182+02:00
Finished: 2026-08-14T03:46:39.0515183+02:00
Duration: 13,2 seconds
Exit code: 0


No problems found. 4029 free sectors (2.0 MiB) available in 2
segments, the largest of which is 2015 (1007.5 KiB) in size.
fsck.fat 4.2 (2021-01-31)
Checking we can access the last sector of the filesystem
Boot sector contents:
System ID "mkfs.fat"
Media byte 0xf8 (hard disk)
       512 bytes per logical sector
       512 bytes per cluster
        32 reserved sectors
First FAT starts at byte 16384 (sector 32)
         2 FATs, 32 bit entries
    516608 bytes per FAT (= 1009 sectors)
Root directory start at cluster 2 (arbitrary size)
Data area starts at byte 1049600 (sector 2050)
    129022 data clusters (66059264 bytes)
32 sectors/track, 8 heads
      2048 hidden sectors
    131072 sectors total
Checking for unused clusters.
Checking free cluster summary.
/tmp/tmp.NwEykc7ido/esp.img: 6 files, 2888/129022 clusters
fsck.fat 4.2 (2021-01-31)
Checking we can access the last sector of the filesystem
Boot sector contents:
System ID "mkfs.fat"
Media byte 0xf8 (hard disk)
       512 bytes per logical sector
      4096 bytes per cluster
        32 reserved sectors
First FAT starts at byte 16384 (sector 32)
         2 FATs, 32 bit entries
    458752 bytes per FAT (= 896 sectors)
Root directory start at cluster 2 (arbitrary size)
Data area starts at byte 933888 (sector 1824)
    113943 data clusters (466710528 bytes)
63 sectors/track, 16 heads
    133120 hidden sectors
    913374 sectors total
Checking for unused clusters.
Checking free cluster summary.
/tmp/tmp.NwEykc7ido/root.img: 18 files, 197/113943 clusters
foundation-image test: PASS
[sha256] fae39a181241ed7d2ac47b3c715dda16a68d0599214b9164336089b180b2067c
