Step: QEMU ISO smoke and ShellTest
Started: 2026-08-14T04:36:30.4617729+02:00
Finished: 2026-08-14T04:36:46.6757578+02:00
Duration: 16,2 seconds
Exit code: 0

[qemu] E:\KuroganeOS\tools\qemu\qemu-system-x86_64.exe
[firmware] E:\KuroganeOS\tools\qemu\share\edk2-x86_64-code.fd
[iso] E:\KuroganeOS\kurogane.iso
--- serial ---
[2J[01;01H[=3h[2J[01;01H[2J[01;01H[=3h[2J[01;01H[2J[01;01H[=3h[2J[01;01HBdsDxe: loading Boot0001 "UEFI QEMU DVD-ROM QM00005 " from PciRoot(0x0)/Pci(0x1F,0x2)/Sata(0x2,0xFFFF,0x0)
BdsDxe: starting Boot0001 "UEFI QEMU DVD-ROM QM00005 " from PciRoot(0x0)/Pci(0x1F,0x2)/Sata(0x2,0xFFFF,0x0)
KuroganeOS loader 1.1
Default boot=console. Press D for boot=desktop (EXPERIMENTAL), S or F8 for safe mode, X for diagnostics...
Exiting boot services...
[INFO][BOOT][CPU0][KERNEL] KuroganeOS kernel entry

[terminal cleared]
KUROGANE OS
x86-64 UEFI kernel 1.1
boot protocol: v2 (memory map + boot flags)
boot=console
[INFO][BOOT][CPU0][KERNEL] boot=console
[INFO][KERNEL][CPU0][KERNEL] GDT, TSS and IST stacks initialized
[INFO][KERNEL][CPU0][KERNEL] IDT initialized
[INFO][KERNEL][CPU0][KERNEL] CPU exception handlers installed
[INFO][MEMORY][CPU0][KERNEL] kernel heap bytes=2097120
[INFO][MEMORY][CPU0][KERNEL] cloning active UEFI four-level page-table root
[INFO][MEMORY][CPU0][KERNEL] page-table backend initialized; running CPU mapping test
[INFO][MEMORY][CPU0][KERNEL] virtual memory manager ready, CR3=0x1780000
[TEST] paging: PASS
[INFO][USER][CPU0][KERNEL] ring-3 runtime and int 0x80 syscall gate initialized
[TEST] user_runtime: PASS
[TEST] memory_allocator: PASS
[TEST] ramfs_bootstrap: PASS
[INFO][FS][CPU0][KERNEL] root RAMFS mounted
[INFO][DEVICE][CPU0][KERNEL] registered devices=5
[INFO][AHCI][CPU0][KERNEL] PCI AHCI controllers detected=1
[INFO][AHCI][CPU0][KERNEL] active AHCI controllers=1
[INFO][AHCI][CPU0][KERNEL] registered SATA block devices=0
[WARN][AHCI][CPU0][KERNEL] no supported SATA disk
[INFO][USER][CPU0][KERNEL] persistent root unavailable; ring-3 image probe skipped
[INFO][SCHED][CPU0][KERNEL] scheduler initialized
[INFO][TIME][CPU0][KERNEL] PIT monotonic clock ready
[INFO][INTERRUPTS][CPU0][KERNEL] PIC, PIT and keyboard ready
interrupts/timer/keyboard: READY
PS/2 controller: configured
PCI devices: 5
network loopback: PASS (127.0.0.1)
[TEST] network_loopback: PASS
[TEST] ALL_REQUIRED_TESTS_PASSED
Type 'help' for commands.

kurogane:/ $ version
KuroganeOS 1.1 x86_64 UEFI
kurogane:/ $ abi
application ABI 1.0 descriptor=48 page=4096 features=0x0
transport: available
kurogane:/ $ free
heap total=2097120 used=1444 free=2094856 allocations=14
frames total=42988 used=4 free=42984 reserved=0
kurogane:/ $ pwd
/
kurogane:/ $ cd home
kurogane:/home $ pwd
/home
kurogane:/home $ mkdir smoke
kurogane:/home $ write smoke/source.txt shelltestdata
kurogane:/home $ cp smoke/source.txt smoke/copy.txt
kurogane:/home $ mv smoke/copy.txt smoke/moved.txt
kurogane:/home $ cat smoke/moved.txt
shelltestdata
kurogane:/home $ stat smoke/moved.txt
/home/smoke/moved.txt type=file size=13
kurogane:/home $ mkdir /tmp/remove
kurogane:/home $ rmdir /tmp/remove
kurogane:/home $ whoami
kernel
kurogane:/home $ uptime
516 ticks
kurogane:/home $ net ping
reply from 127.0.0.1: sequence=1 bytes=4
kurogane:/home $ device list
Device Manager: 5 devices
ID  CLASS  DRIVER  STATUS
0  Bridge  -  DISCOVERED
1  Display  -  DISCOVERED
2  Bridge  -  DISCOVERED
3  StorageController  ahci  READY
4  Unknown  -  DISCOVERED
kurogane:/home $ driver list
Driver Manager: 1 drivers
ahci  READY  attached=1
kurogane:/home $ diskinfo
Disks: 0
RootFS: unavailable (kernel shell uses RAMFS)
kurogane:/home $ history
1  pwd
2  mkdir smoke
3  write smoke/source.txt shelltestdata
4  cp smoke/source.txt smoke/copy.txt
5  mv smoke/copy.txt smoke/moved.txt
6  cat smoke/moved.txt
7  stat smoke/moved.txt
8  mkdir /tmp/remove
9  rmdir /tmp/remove
10  whoami
11  uptime
12  net ping
13  device list
14  driver list
15  diskinfo
16  history
kurogane:/home $ echo shelltestpass
shelltestpass
kurogane:/home $ 
[pass] KuroganeOS keyboard and shell integration test passed.
