Step: QEMU disk SafeMode ShellTest
Started: 2026-08-14T03:09:30.9237230+02:00
Finished: 2026-08-14T03:09:39.3566240+02:00
Duration: 8,4 seconds
Exit code: 0

[qemu] E:\KuroganeOS\tools\qemu\qemu-system-x86_64.exe
[firmware] E:\KuroganeOS\tools\qemu\share\edk2-x86_64-code.fd
[image] E:\KuroganeOS\kurogane.img
[image-mode] protected snapshot (backing file is not modified)
--- serial ---
[2J[01;01H[=3h[2J[01;01H[2J[01;01H[=3h[2J[01;01H[2J[01;01H[=3h[2J[01;01HBdsDxe: loading Boot0001 "UEFI QEMU HARDDISK QM00001 " from PciRoot(0x0)/Pci(0x1F,0x2)/Sata(0x0,0xFFFF,0x0)
BdsDxe: starting Boot0001 "UEFI QEMU HARDDISK QM00001 " from PciRoot(0x0)/Pci(0x1F,0x2)/Sata(0x0,0xFFFF,0x0)
KuroganeOS loader 1.0
Default boot=console. Press D for boot=desktop (EXPERIMENTAL), S or F8 for safe mode, X for diagnostics...
Safe mode requested
Exiting boot services...
[INFO][BOOT][CPU0][KERNEL] KuroganeOS kernel entry

[terminal cleared]
KUROGANE OS
x86-64 UEFI kernel 1.0
boot protocol: v2 (memory map + boot flags)
SAFE MODE: minimal drivers and diagnostic shell
boot=console
[INFO][BOOT][CPU0][KERNEL] boot=console
[WARN][BOOT][CPU0][KERNEL] safe mode enabled
[INFO][KERNEL][CPU0][KERNEL] GDT, TSS and IST stacks initialized
[INFO][KERNEL][CPU0][KERNEL] IDT initialized
[INFO][KERNEL][CPU0][KERNEL] CPU exception handlers installed
[INFO][MEMORY][CPU0][KERNEL] kernel heap bytes=2097120
[INFO][MEMORY][CPU0][KERNEL] cloning active UEFI four-level page-table root
[INFO][MEMORY][CPU0][KERNEL] page-table backend initialized; running CPU mapping test
[INFO][MEMORY][CPU0][KERNEL] virtual memory manager ready, CR3=0x1780000
[TEST] paging: PASS
[TEST] memory_allocator: PASS
[TEST] ramfs_bootstrap: PASS
[INFO][FS][CPU0][KERNEL] root RAMFS mounted
[INFO][DEVICE][CPU0][KERNEL] safe mode: PCI device registration skipped
[INFO][SCHED][CPU0][KERNEL] scheduler initialized
[INFO][TIME][CPU0][KERNEL] PIT monotonic clock ready
[INFO][INTERRUPTS][CPU0][KERNEL] PIC, PIT and keyboard ready
interrupts/timer/keyboard: READY
PS/2 controller: configured
PCI devices: 0
network loopback: SKIPPED (safe mode)
[TEST] network_loopback: SKIP
[TEST] ALL_REQUIRED_TESTS_PASSED
Type 'help' for commands.

kurogane:/ $ pwd
/
kurogane:/ $ cd /home
kurogane:/home $ pwd
/home
kurogane:/home $ cat readme.txt
Welcome to KuroganeOS.
Type 'help' to list the available console commands.
kurogane:/home $ free
heap total=2097120 used=1444 free=2094856 allocations=14
frames total=42988 used=1 free=42987 reserved=0
kurogane:/home $ tasks
kurogane:/home $ whoami
kernel
kurogane:/home $ echo safemodepass
safemodepass
kurogane:/home $ 
[pass] KuroganeOS keyboard and shell integration test passed.
