Step: FAT image validation (read-only)
Started: 2026-08-14T03:46:25.6988895+02:00
Finished: 2026-08-14T03:46:25.8538179+02:00
Duration: 0,2 seconds
Exit code: 0

fsck.fat 4.2 (2021-01-31)
Checking we can access the last sector of the filesystem
Boot sector contents:
System ID "KRGN1.0 "
Media byte 0xf8 (hard disk)
       512 bytes per logical sector
       512 bytes per cluster
        32 reserved sectors
First FAT starts at byte 16384 (sector 32)
         2 FATs, 32 bit entries
    516608 bytes per FAT (= 1009 sectors)
Root directory start at cluster 2 (arbitrary size)
Data area starts at byte 1049600 (sector 2050)
    129022 data clusters (66059264 bytes)
63 sectors/track, 255 heads
         0 hidden sectors
    131072 sectors total
Checking for unused clusters.
Checking free cluster summary.
/mnt/e/KuroganeOS/kurogane.img: 5 files, 1454/129022 clusters
