Step: Release ISO build in WSL2
Started: 2026-08-14T04:35:24.3468544+02:00
Finished: 2026-08-14T04:36:30.4502427+02:00
Duration: 66,1 seconds
Exit code: 0

[up-to-date] build/obj/arch/x86_64/entry.o
[up-to-date] build/obj/arch/x86_64/interrupt_stubs.o
[up-to-date] build/obj/arch/x86_64/user_entry.o
[up-to-date] build/obj/abi/service.o
[up-to-date] build/obj/apps/builtin.o
[up-to-date] build/obj/apps/framework.o
[up-to-date] build/obj/arch/x86_64/gdt.o
[up-to-date] build/obj/arch/x86_64/interrupts.o
[up-to-date] build/obj/core/log.o
[up-to-date] build/obj/core/memory.o
[up-to-date] build/obj/core/string.o
[up-to-date] build/obj/diagnostics/profiler.o
[up-to-date] build/obj/drivers/core/device_manager.o
[up-to-date] build/obj/drivers/core/driver_manager.o
[up-to-date] build/obj/drivers/framebuffer.o
[up-to-date] build/obj/drivers/keyboard.o
[up-to-date] build/obj/drivers/pci.o
[up-to-date] build/obj/drivers/pic.o
[up-to-date] build/obj/drivers/pit.o
[up-to-date] build/obj/drivers/rtc.o
[up-to-date] build/obj/drivers/serial.o
[up-to-date] build/obj/fs/fat32.o
[up-to-date] build/obj/fs/fat32_vfs.o
[up-to-date] build/obj/fs/ramfs.o
[up-to-date] build/obj/fs/root_volume.o
[up-to-date] build/obj/fs/vfs.o
[up-to-date] build/obj/libk/assert.o
[up-to-date] build/obj/libk/crc.o
[up-to-date] build/obj/libk/format.o
[up-to-date] build/obj/libk/hash.o
[up-to-date] build/obj/libk/memory.o
[up-to-date] build/obj/libk/status.o
[up-to-date] build/obj/libk/string.o
[up-to-date] build/obj/libk/utf8.o
[up-to-date] build/obj/main.o
[up-to-date] build/obj/memory/allocator.o
[up-to-date] build/obj/memory/kernel_virtual_memory.o
[up-to-date] build/obj/memory/physical_memory.o
[up-to-date] build/obj/memory/virtual_memory.o
[up-to-date] build/obj/net/network.o
[up-to-date] build/obj/net/service.o
[up-to-date] build/obj/shell/shell.o
[up-to-date] build/obj/storage/ahci.o
[up-to-date] build/obj/storage/ahci_protocol.o
[up-to-date] build/obj/storage/dma.o
[up-to-date] build/obj/storage/gpt.o
[up-to-date] build/obj/storage/partition_device.o
[up-to-date] build/obj/storage/scratch_test.o
[up-to-date] build/obj/task/scheduler.o
[up-to-date] build/obj/terminal.o
[up-to-date] build/obj/ui/ui.o
[up-to-date] build/obj/user/elf_loader.o
[up-to-date] build/obj/user/runtime.o
[up-to-date] build/kernel.elf

Elf file type is DYN (Position-Independent Executable file)
Entry point 0x1000
There are 5 program headers, starting at offset 64

Program Headers:
  Type           Offset   VirtAddr           PhysAddr           FileSiz  MemSiz   Flg Align
  LOAD           0x000000 0x0000000000000000 0x0000000000000000 0x021da0 0x021da0 R E 0x1000
  LOAD           0x022000 0x0000000000022000 0x0000000000022000 0x006460 0x006460 R   0x1000
  LOAD           0x029000 0x0000000000029000 0x0000000000029000 0x000c00 0x27bc31 RW  0x1000
  DYNAMIC        0x029b00 0x0000000000029b00 0x0000000000029b00 0x000100 0x000100 RW  0x8
  GNU_STACK      0x000000 0x0000000000000000 0x0000000000000000 0x000000 0x000000 RW  0x8

 Section to Segment mapping:
  Segment Sections...
   00     .text 
   01     .rodata .rela.dyn 
   02     .data .dynamic .bss 
   03     .dynamic 
   04     
[verify] 289 supported R_X86_64_RELATIVE relocations
[manifest] E:\KuroganeOS\build\build-info.txt
[x86_64-elf-gcc.exe] -ffreestanding -fno-stack-protector -m64 -Wa,--noexecstack -I sdk/include -c -x assembler-with-cpp userspace/apps/hello/main.S -o build/userspace/hello.o
[x86_64-elf-ld.exe] --fatal-warnings --build-id=none -nostdlib -z noexecstack -z separate-code -T userspace/linker.ld -o build/userspace/rootfs/apps/hello build/userspace/hello.o
[userspace] /apps/hello
[x86_64-elf-gcc.exe] -ffreestanding -fno-stack-protector -m64 -Wa,--noexecstack -I sdk/include -c -x assembler-with-cpp userspace/apps/bad/main.S -o build/userspace/bad.o
[x86_64-elf-ld.exe] --fatal-warnings --build-id=none -nostdlib -z noexecstack -z separate-code -T userspace/linker.ld -o build/userspace/rootfs/apps/bad build/userspace/bad.o
[userspace] /apps/bad
[x86_64-elf-gcc.exe] -std=c11 -O2 -Wall -Wextra -Wpedantic -Werror -ffreestanding -fshort-wchar -m64 -mno-red-zone -mno-mmx -mno-sse -fno-stack-protector -fno-omit-frame-pointer -fPIE -fno-plt -fno-builtin -fno-unwind-tables -fno-asynchronous-unwind-tables -ffunction-sections -fdata-sections -Wa,--noexecstack -I boot/efi -I boot/include -I common -frandom-seed=boot/efi/standalone.c -c boot/efi/standalone.c -o build/boot/standalone.o
[x86_64-elf-ld.exe] --build-id=none --no-warn-rwx-segments -T boot/efi/standalone-linker.ld -o build/boot/standalone.elf build/boot/standalone.o

There are no relocations in this file.
[x86_64-elf-objcopy.exe] -O binary build/boot/standalone.elf build/boot/standalone.bin
[efi] E:\KuroganeOS\build\BOOTX64.EFI (8704 bytes, entry RVA 0x1000, image size 0x4000)
[stage] E:\KuroganeOS\iso\EFI\BOOT\BOOTX64.EFI
[stage] E:\KuroganeOS\iso\kernel.elf
[stage] E:\KuroganeOS\iso\EFI\BOOT\kernel.elf
[stage] generated and validated AMD64 EFI application
Created deterministic FAT32 image: E:\KuroganeOS\kurogane.img
  Size:       67108864 bytes (64 MiB)
  Geometry:   131072 sectors, 1009 sectors/FAT, 129022 clusters
  Free:       128079 clusters
  SHA-256:    26a9cac2daa60af49d3c781a040ca00f879b6ca9fc3ec866756c1fd56f941e3a

No problems found. 4029 free sectors (2.0 MiB) available in 2
segments, the largest of which is 2015 (1007.5 KiB) in size.
Created KuroganeOS Foundation GPT image: /mnt/e/KuroganeOS/build/images/KuroganeOS-base.img
  disk: 512 MiB, GUID 4B55524F-4741-4E45-8F44-49534B000001
  ESP:  LBA 2048-133119, FAT32 KURO_ESP
  root: LBA 133120-1046527, FAT32 KURO_ROOT
  SHA-256: 0d942c37ab69008468d729a7167c21fdef1a5bed4c6b232caccb396260d8321d
Updated working-image ESP; root partition was not written: /mnt/e/KuroganeOS/state/KuroganeOS.img
[working-image] root preserved; boot payload updated: E:\KuroganeOS\state\KuroganeOS.img
[done] E:\KuroganeOS\build\kernel.elf
[sha256] 47747040f2c220193c9168bf5fe5edb77d1c8ef3aea33596d63bacb523000d71
xorriso 1.5.6 : RockRidge filesystem manipulator, libburnia project.
System.Management.Automation.RemoteException
Drive current: -outdev 'stdio:/mnt/e/KuroganeOS/kurogane.iso'
Media current: stdio file, overwriteable
Media status : is blank
Media summary: 0 sessions, 0 data blocks, 0 data, 54.4g free
Added to ISO image: directory '/'='/mnt/e/KuroganeOS/build/iso-staging'
xorriso : UPDATE :       6 files added in 1 seconds
xorriso : UPDATE :       6 files added in 1 seconds
xorriso : WARNING : Boot image load size exceeds 65535 blocks of 512 bytes. Will record 0 in El Torito to extend ESP to end-of-medium.
xorriso : UPDATE :  2.63% done
xorriso : UPDATE :  26.35% done
xorriso : UPDATE :  46.72% done, estimate finish Fri Aug 14 04:36:30 2026
xorriso : UPDATE :  69.39% done, estimate finish Fri Aug 14 04:36:30 2026
xorriso : UPDATE :  92.35% done
ISO image produced: 33419 sectors
Written to medium : 33419 sectors at LBA 0
Writing to 'stdio:/mnt/e/KuroganeOS/kurogane.iso' completed successfully.
System.Management.Automation.RemoteException
Built /mnt/e/KuroganeOS/kurogane.img
Built /mnt/e/KuroganeOS/kurogane.iso
