[2026-08-14 03:05:08] [INFO ] Verification started. Timeout: 35 seconds.
[2026-08-14 03:05:08] [START] WSL2 and toolchain preflight (log: E:\KuroganeOS\build\logs\verify-20260814-030508-a6dc5733-wsl2-preflight.log)
[2026-08-14 03:05:12] [PASS ] WSL2 and toolchain preflight completed in 4,2 seconds.
[2026-08-14 03:05:12] [START] Resolve repository path in WSL2 (log: E:\KuroganeOS\build\logs\verify-20260814-030508-a6dc5733-wsl2-path.log)
[2026-08-14 03:05:12] [PASS ] Resolve repository path in WSL2 completed in 0,2 seconds.
[2026-08-14 03:05:12] [START] Clean debug build (log: E:\KuroganeOS\build\logs\verify-20260814-030508-a6dc5733-debug-build.log)
[2026-08-14 03:08:45] [PASS ] Clean debug build completed in 212,4 seconds.
[2026-08-14 03:08:45] [START] Host tests in WSL2 (log: E:\KuroganeOS\build\logs\verify-20260814-030508-a6dc5733-host-tests.log)
[2026-08-14 03:08:57] [PASS ] Host tests in WSL2 completed in 11,7 seconds.
[2026-08-14 03:08:57] [START] FAT image validation (read-only) (log: E:\KuroganeOS\build\logs\verify-20260814-030508-a6dc5733-fat-fsck.log)
[2026-08-14 03:08:57] [PASS ] FAT image validation (read-only) completed in 0,2 seconds.
[2026-08-14 03:08:57] [START] Foundation GPT/FAT image validation (log: E:\KuroganeOS\build\logs\verify-20260814-030508-a6dc5733-foundation-image.log)
[2026-08-14 03:09:11] [PASS ] Foundation GPT/FAT image validation completed in 14,4 seconds.
[2026-08-14 03:09:11] [START] QEMU disk ShellTest (log: E:\KuroganeOS\build\logs\verify-20260814-030508-a6dc5733-qemu-disk.log)
[2026-08-14 03:09:30] [PASS ] QEMU disk ShellTest completed in 19,2 seconds.
[2026-08-14 03:09:30] [START] QEMU disk SafeMode ShellTest (log: E:\KuroganeOS\build\logs\verify-20260814-030508-a6dc5733-qemu-safe.log)
[2026-08-14 03:09:39] [PASS ] QEMU disk SafeMode ShellTest completed in 8,4 seconds.
[2026-08-14 03:09:39] [START] Clean test-profile build (log: E:\KuroganeOS\build\logs\verify-20260814-030508-a6dc5733-test-build.log)
[2026-08-14 03:13:17] [PASS ] Clean test-profile build completed in 217,8 seconds.
[2026-08-14 03:13:17] [START] Create tagged AHCI scratch image (log: E:\KuroganeOS\build\logs\verify-20260814-030508-a6dc5733-ahci-scratch.log)
[2026-08-14 03:13:18] [PASS ] Create tagged AHCI scratch image completed in 1,3 seconds.
[2026-08-14 03:13:18] [START] QEMU test profile AHCI/GPT read-write ShellTest (log: E:\KuroganeOS\build\logs\verify-20260814-030508-a6dc5733-qemu-test-profile.log)
[2026-08-14 03:13:34] [PASS ] QEMU test profile AHCI/GPT read-write ShellTest completed in 16,5 seconds.
[2026-08-14 03:13:34] [START] Release build (log: E:\KuroganeOS\build\logs\verify-20260814-030508-a6dc5733-release-build.log)
[2026-08-14 03:16:38] [PASS ] Release build completed in 183,3 seconds.
[2026-08-14 03:16:38] [START] Release ISO build in WSL2 (log: E:\KuroganeOS\build\logs\verify-20260814-030508-a6dc5733-release-iso-build.log)
[2026-08-14 03:17:41] [PASS ] Release ISO build in WSL2 completed in 63,1 seconds.
[2026-08-14 03:17:41] [START] QEMU ISO smoke and ShellTest (log: E:\KuroganeOS\build\logs\verify-20260814-030508-a6dc5733-qemu-iso.log)
[2026-08-14 03:18:01] [PASS ] QEMU ISO smoke and ShellTest completed in 19,8 seconds.
[2026-08-14 03:18:01] [SKIP ] VirtualBox ISO smoke test skipped (default). Enable with -RunVirtualBox.
[2026-08-14 03:18:01] [PASS ] All requested verification stages passed. Status log: E:\KuroganeOS\build\logs\verify-20260814-030508-a6dc5733-status.log
