[up-to-date] build/obj/arch/x86_64/entry.o
[up-to-date] build/obj/arch/x86_64/interrupt_stubs.o
[up-to-date] build/obj/abi/service.o
[up-to-date] build/obj/apps/builtin.o
[up-to-date] build/obj/apps/framework.o
[up-to-date] build/obj/arch/x86_64/gdt.o
[up-to-date] build/obj/arch/x86_64/interrupts.o
[up-to-date] build/obj/core/log.o
[up-to-date] build/obj/core/memory.o
[up-to-date] build/obj/core/string.o
[up-to-date] build/obj/diagnostics/profiler.o
[up-to-date] build/obj/drivers/framebuffer.o
[up-to-date] build/obj/drivers/keyboard.o
[up-to-date] build/obj/drivers/pci.o
[up-to-date] build/obj/drivers/pic.o
[up-to-date] build/obj/drivers/pit.o
[up-to-date] build/obj/drivers/rtc.o
[up-to-date] build/obj/drivers/serial.o
[up-to-date] build/obj/fs/fat32.o
[up-to-date] build/obj/fs/ramfs.o
[up-to-date] build/obj/fs/vfs.o
[up-to-date] build/obj/main.o
[up-to-date] build/obj/memory/allocator.o
[up-to-date] build/obj/memory/kernel_virtual_memory.o
[up-to-date] build/obj/memory/physical_memory.o
[up-to-date] build/obj/memory/virtual_memory.o
[up-to-date] build/obj/net/network.o
[up-to-date] build/obj/net/service.o
[up-to-date] build/obj/shell/shell.o
[up-to-date] build/obj/storage/ahci.o
[up-to-date] build/obj/storage/ahci_protocol.o
[up-to-date] build/obj/storage/dma.o
[up-to-date] build/obj/storage/gpt.o
[up-to-date] build/obj/storage/partition_device.o
[up-to-date] build/obj/storage/scratch_test.o
[up-to-date] build/obj/task/scheduler.o
[up-to-date] build/obj/terminal.o
[up-to-date] build/obj/ui/ui.o
[up-to-date] build/kernel.elf

Elf file type is DYN (Position-Independent Executable file)
Entry point 0x1000
There are 5 program headers, starting at offset 64

Program Headers:
  Type           Offset   VirtAddr           PhysAddr           FileSiz  MemSiz   Flg Align
  LOAD           0x000000 0x0000000000000000 0x0000000000000000 0x01c5b2 0x01c5b2 R E 0x1000
  LOAD           0x01d000 0x000000000001d000 0x000000000001d000 0x0051a8 0x0051a8 R   0x1000
  LOAD           0x023000 0x0000000000023000 0x0000000000023000 0x000be0 0x25aaa1 RW  0x1000
  DYNAMIC        0x023ae0 0x0000000000023ae0 0x0000000000023ae0 0x000100 0x000100 RW  0x8
  GNU_STACK      0x000000 0x0000000000000000 0x0000000000000000 0x000000 0x000000 RW  0x8

 Section to Segment mapping:
  Segment Sections...
   00     .text 
   01     .rodata .rela.dyn 
   02     .data .dynamic .bss 
   03     .dynamic 
   04     
[verify] 289 supported R_X86_64_RELATIVE relocations
[manifest] E:\KuroganeOS\build\build-info.txt
[x86_64-elf-gcc.exe] -std=c11 -O2 -Wall -Wextra -Wpedantic -Werror -ffreestanding -fshort-wchar -m64 -mno-red-zone -mno-mmx -mno-sse -fno-stack-protector -fno-omit-frame-pointer -fPIE -fno-plt -fno-builtin -fno-unwind-tables -fno-asynchronous-unwind-tables -ffunction-sections -fdata-sections -Wa,--noexecstack -I boot/efi -I boot/include -I common -frandom-seed=boot/efi/standalone.c -c boot/efi/standalone.c -o build/boot/standalone.o
[x86_64-elf-ld.exe] --build-id=none --no-warn-rwx-segments -T boot/efi/standalone-linker.ld -o build/boot/standalone.elf build/boot/standalone.o

There are no relocations in this file.
[x86_64-elf-objcopy.exe] -O binary build/boot/standalone.elf build/boot/standalone.bin
[efi] E:\KuroganeOS\build\BOOTX64.EFI (8704 bytes, entry RVA 0x1000, image size 0x4000)
[stage] E:\KuroganeOS\iso\EFI\BOOT\BOOTX64.EFI
[stage] E:\KuroganeOS\iso\kernel.elf
[stage] E:\KuroganeOS\iso\EFI\BOOT\kernel.elf
[stage] generated and validated AMD64 EFI application
Created deterministic FAT32 image: E:\KuroganeOS\kurogane.img
  Size:       67108864 bytes (64 MiB)
  Geometry:   131072 sectors, 1009 sectors/FAT, 129022 clusters
  Free:       128220 clusters
  SHA-256:    26ea449fab63371b24b387cdf96590c76796e7c1bb21c7c06e49754b95d82261

No problems found. 4029 free sectors (2.0 MiB) available in 2
segments, the largest of which is 2015 (1007.5 KiB) in size.
Created KuroganeOS Foundation GPT image: /mnt/e/KuroganeOS/build/images/KuroganeOS-base.img
  disk: 512 MiB, GUID 4B55524F-4741-4E45-8F44-49534B000001
  ESP:  LBA 2048-133119, FAT32 KURO_ESP
  root: LBA 133120-1046527, FAT32 KURO_ROOT
  SHA-256: 1b7fc010ea53a72373233bd490c8d6d02e54aaa1acb70e0f2249bfea6339f0f9
Updated working-image ESP; root partition was not written: /mnt/e/KuroganeOS/state/KuroganeOS.img
[working-image] root preserved; boot payload updated: E:\KuroganeOS\state\KuroganeOS.img
[done] E:\KuroganeOS\build\kernel.elf
[sha256] 9bf77451ec8cc8cb37ce1fab71045e166fe1473368ce9fba1d656a2f5f1ded58
Built /mnt/e/KuroganeOS/kurogane.img
Built /mnt/e/KuroganeOS/kurogane.iso
