
Discarded input sections

 .note.GNU-stack
                0x0000000000000000        0x0 build/obj/arch/x86_64/entry.o
 .note.GNU-stack
                0x0000000000000000        0x0 build/obj/arch/x86_64/interrupt_stubs.o
 .comment       0x0000000000000000       0x13 build/obj/abi/service.o
 .note.GNU-stack
                0x0000000000000000        0x0 build/obj/abi/service.o
 .comment       0x0000000000000000       0x13 build/obj/apps/builtin.o
 .note.GNU-stack
                0x0000000000000000        0x0 build/obj/apps/builtin.o
 .comment       0x0000000000000000       0x13 build/obj/apps/framework.o
 .note.GNU-stack
                0x0000000000000000        0x0 build/obj/apps/framework.o
 .comment       0x0000000000000000       0x13 build/obj/arch/x86_64/gdt.o
 .note.GNU-stack
                0x0000000000000000        0x0 build/obj/arch/x86_64/gdt.o
 .comment       0x0000000000000000       0x13 build/obj/arch/x86_64/interrupts.o
 .note.GNU-stack
                0x0000000000000000        0x0 build/obj/arch/x86_64/interrupts.o
 .comment       0x0000000000000000       0x13 build/obj/core/log.o
 .note.GNU-stack
                0x0000000000000000        0x0 build/obj/core/log.o
 .comment       0x0000000000000000       0x13 build/obj/core/memory.o
 .note.GNU-stack
                0x0000000000000000        0x0 build/obj/core/memory.o
 .comment       0x0000000000000000       0x13 build/obj/core/string.o
 .note.GNU-stack
                0x0000000000000000        0x0 build/obj/core/string.o
 .comment       0x0000000000000000       0x13 build/obj/diagnostics/profiler.o
 .note.GNU-stack
                0x0000000000000000        0x0 build/obj/diagnostics/profiler.o
 .comment       0x0000000000000000       0x13 build/obj/drivers/framebuffer.o
 .note.GNU-stack
                0x0000000000000000        0x0 build/obj/drivers/framebuffer.o
 .comment       0x0000000000000000       0x13 build/obj/drivers/keyboard.o
 .note.GNU-stack
                0x0000000000000000        0x0 build/obj/drivers/keyboard.o
 .comment       0x0000000000000000       0x13 build/obj/drivers/pci.o
 .note.GNU-stack
                0x0000000000000000        0x0 build/obj/drivers/pci.o
 .comment       0x0000000000000000       0x13 build/obj/drivers/pic.o
 .note.GNU-stack
                0x0000000000000000        0x0 build/obj/drivers/pic.o
 .comment       0x0000000000000000       0x13 build/obj/drivers/pit.o
 .note.GNU-stack
                0x0000000000000000        0x0 build/obj/drivers/pit.o
 .comment       0x0000000000000000       0x13 build/obj/drivers/rtc.o
 .note.GNU-stack
                0x0000000000000000        0x0 build/obj/drivers/rtc.o
 .comment       0x0000000000000000       0x13 build/obj/drivers/serial.o
 .note.GNU-stack
                0x0000000000000000        0x0 build/obj/drivers/serial.o
 .comment       0x0000000000000000       0x13 build/obj/fs/ramfs.o
 .note.GNU-stack
                0x0000000000000000        0x0 build/obj/fs/ramfs.o
 .comment       0x0000000000000000       0x13 build/obj/main.o
 .note.GNU-stack
                0x0000000000000000        0x0 build/obj/main.o
 .comment       0x0000000000000000       0x13 build/obj/memory/allocator.o
 .note.GNU-stack
                0x0000000000000000        0x0 build/obj/memory/allocator.o
 .comment       0x0000000000000000       0x13 build/obj/memory/kernel_virtual_memory.o
 .note.GNU-stack
                0x0000000000000000        0x0 build/obj/memory/kernel_virtual_memory.o
 .comment       0x0000000000000000       0x13 build/obj/memory/physical_memory.o
 .note.GNU-stack
                0x0000000000000000        0x0 build/obj/memory/physical_memory.o
 .comment       0x0000000000000000       0x13 build/obj/memory/virtual_memory.o
 .note.GNU-stack
                0x0000000000000000        0x0 build/obj/memory/virtual_memory.o
 .comment       0x0000000000000000       0x13 build/obj/net/network.o
 .note.GNU-stack
                0x0000000000000000        0x0 build/obj/net/network.o
 .comment       0x0000000000000000       0x13 build/obj/net/service.o
 .note.GNU-stack
                0x0000000000000000        0x0 build/obj/net/service.o
 .comment       0x0000000000000000       0x13 build/obj/shell/shell.o
 .note.GNU-stack
                0x0000000000000000        0x0 build/obj/shell/shell.o
 .comment       0x0000000000000000       0x13 build/obj/task/scheduler.o
 .note.GNU-stack
                0x0000000000000000        0x0 build/obj/task/scheduler.o
 .comment       0x0000000000000000       0x13 build/obj/terminal.o
 .note.GNU-stack
                0x0000000000000000        0x0 build/obj/terminal.o
 .comment       0x0000000000000000       0x13 build/obj/ui/ui.o
 .note.GNU-stack
                0x0000000000000000        0x0 build/obj/ui/ui.o

Memory Configuration

Name             Origin             Length             Attributes
*default*        0x0000000000000000 0xffffffffffffffff

Linker script and memory map

                0x0000000000001000                . = 0x1000
                0x0000000000001000                __kernel_start = .

.text           0x0000000000001000    0x11592
                0x0000000000001000                __text_start = .
 *(.text._start)
 .text._start   0x0000000000001000       0x17 build/obj/arch/x86_64/entry.o
                0x0000000000001000                _start
 *(.text .text.*)
 .text          0x0000000000001017        0x0 build/obj/arch/x86_64/entry.o
 .text          0x0000000000001017        0x0 build/obj/arch/x86_64/interrupt_stubs.o
 .text.interrupts
                0x0000000000001017      0xa86 build/obj/arch/x86_64/interrupt_stubs.o
                0x0000000000001017                interrupt_stub_0
                0x0000000000001020                interrupt_stub_1
                0x0000000000001029                interrupt_stub_2
                0x0000000000001032                interrupt_stub_3
                0x000000000000103b                interrupt_stub_4
                0x0000000000001044                interrupt_stub_5
                0x000000000000104d                interrupt_stub_6
                0x0000000000001056                interrupt_stub_7
                0x000000000000105f                interrupt_stub_8
                0x0000000000001066                interrupt_stub_9
                0x000000000000106f                interrupt_stub_10
                0x0000000000001076                interrupt_stub_11
                0x000000000000107d                interrupt_stub_12
                0x0000000000001084                interrupt_stub_13
                0x000000000000108b                interrupt_stub_14
                0x0000000000001092                interrupt_stub_15
                0x000000000000109b                interrupt_stub_16
                0x00000000000010a4                interrupt_stub_17
                0x00000000000010ab                interrupt_stub_18
                0x00000000000010b4                interrupt_stub_19
                0x00000000000010bd                interrupt_stub_20
                0x00000000000010c6                interrupt_stub_21
                0x00000000000010cd                interrupt_stub_22
                0x00000000000010d6                interrupt_stub_23
                0x00000000000010df                interrupt_stub_24
                0x00000000000010e8                interrupt_stub_25
                0x00000000000010f1                interrupt_stub_26
                0x00000000000010fa                interrupt_stub_27
                0x0000000000001103                interrupt_stub_28
                0x000000000000110c                interrupt_stub_29
                0x0000000000001113                interrupt_stub_30
                0x000000000000111a                interrupt_stub_31
                0x0000000000001123                interrupt_stub_32
                0x000000000000112c                interrupt_stub_33
                0x0000000000001135                interrupt_stub_34
                0x000000000000113e                interrupt_stub_35
                0x0000000000001147                interrupt_stub_36
                0x0000000000001150                interrupt_stub_37
                0x0000000000001159                interrupt_stub_38
                0x0000000000001162                interrupt_stub_39
                0x000000000000116b                interrupt_stub_40
                0x0000000000001174                interrupt_stub_41
                0x000000000000117d                interrupt_stub_42
                0x0000000000001186                interrupt_stub_43
                0x000000000000118f                interrupt_stub_44
                0x0000000000001198                interrupt_stub_45
                0x00000000000011a1                interrupt_stub_46
                0x00000000000011aa                interrupt_stub_47
                0x00000000000011b3                interrupt_stub_48
                0x00000000000011bc                interrupt_stub_49
                0x00000000000011c5                interrupt_stub_50
                0x00000000000011ce                interrupt_stub_51
                0x00000000000011d7                interrupt_stub_52
                0x00000000000011e0                interrupt_stub_53
                0x00000000000011e9                interrupt_stub_54
                0x00000000000011f2                interrupt_stub_55
                0x00000000000011fb                interrupt_stub_56
                0x0000000000001204                interrupt_stub_57
                0x000000000000120d                interrupt_stub_58
                0x0000000000001216                interrupt_stub_59
                0x000000000000121f                interrupt_stub_60
                0x0000000000001228                interrupt_stub_61
                0x0000000000001231                interrupt_stub_62
                0x000000000000123a                interrupt_stub_63
                0x0000000000001243                interrupt_stub_64
                0x000000000000124c                interrupt_stub_65
                0x0000000000001255                interrupt_stub_66
                0x000000000000125e                interrupt_stub_67
                0x0000000000001267                interrupt_stub_68
                0x0000000000001270                interrupt_stub_69
                0x0000000000001279                interrupt_stub_70
                0x0000000000001282                interrupt_stub_71
                0x000000000000128b                interrupt_stub_72
                0x0000000000001294                interrupt_stub_73
                0x000000000000129d                interrupt_stub_74
                0x00000000000012a6                interrupt_stub_75
                0x00000000000012af                interrupt_stub_76
                0x00000000000012b8                interrupt_stub_77
                0x00000000000012c1                interrupt_stub_78
                0x00000000000012ca                interrupt_stub_79
                0x00000000000012d3                interrupt_stub_80
                0x00000000000012dc                interrupt_stub_81
                0x00000000000012e5                interrupt_stub_82
                0x00000000000012ee                interrupt_stub_83
                0x00000000000012f7                interrupt_stub_84
                0x0000000000001300                interrupt_stub_85
                0x0000000000001309                interrupt_stub_86
                0x0000000000001312                interrupt_stub_87
                0x000000000000131b                interrupt_stub_88
                0x0000000000001324                interrupt_stub_89
                0x000000000000132d                interrupt_stub_90
                0x0000000000001336                interrupt_stub_91
                0x000000000000133f                interrupt_stub_92
                0x0000000000001348                interrupt_stub_93
                0x0000000000001351                interrupt_stub_94
                0x000000000000135a                interrupt_stub_95
                0x0000000000001363                interrupt_stub_96
                0x000000000000136c                interrupt_stub_97
                0x0000000000001375                interrupt_stub_98
                0x000000000000137e                interrupt_stub_99
                0x0000000000001387                interrupt_stub_100
                0x0000000000001390                interrupt_stub_101
                0x0000000000001399                interrupt_stub_102
                0x00000000000013a2                interrupt_stub_103
                0x00000000000013ab                interrupt_stub_104
                0x00000000000013b4                interrupt_stub_105
                0x00000000000013bd                interrupt_stub_106
                0x00000000000013c6                interrupt_stub_107
                0x00000000000013cf                interrupt_stub_108
                0x00000000000013d8                interrupt_stub_109
                0x00000000000013e1                interrupt_stub_110
                0x00000000000013ea                interrupt_stub_111
                0x00000000000013f3                interrupt_stub_112
                0x00000000000013fc                interrupt_stub_113
                0x0000000000001405                interrupt_stub_114
                0x000000000000140e                interrupt_stub_115
                0x0000000000001417                interrupt_stub_116
                0x0000000000001420                interrupt_stub_117
                0x0000000000001429                interrupt_stub_118
                0x0000000000001432                interrupt_stub_119
                0x000000000000143b                interrupt_stub_120
                0x0000000000001444                interrupt_stub_121
                0x000000000000144d                interrupt_stub_122
                0x0000000000001456                interrupt_stub_123
                0x000000000000145f                interrupt_stub_124
                0x0000000000001468                interrupt_stub_125
                0x0000000000001471                interrupt_stub_126
                0x000000000000147a                interrupt_stub_127
                0x0000000000001483                interrupt_stub_128
                0x000000000000148f                interrupt_stub_129
                0x000000000000149b                interrupt_stub_130
                0x00000000000014a7                interrupt_stub_131
                0x00000000000014b3                interrupt_stub_132
                0x00000000000014bf                interrupt_stub_133
                0x00000000000014cb                interrupt_stub_134
                0x00000000000014d7                interrupt_stub_135
                0x00000000000014e3                interrupt_stub_136
                0x00000000000014ef                interrupt_stub_137
                0x00000000000014fb                interrupt_stub_138
                0x0000000000001507                interrupt_stub_139
                0x0000000000001513                interrupt_stub_140
                0x000000000000151f                interrupt_stub_141
                0x000000000000152b                interrupt_stub_142
                0x0000000000001537                interrupt_stub_143
                0x0000000000001543                interrupt_stub_144
                0x000000000000154f                interrupt_stub_145
                0x000000000000155b                interrupt_stub_146
                0x0000000000001567                interrupt_stub_147
                0x0000000000001573                interrupt_stub_148
                0x000000000000157f                interrupt_stub_149
                0x000000000000158b                interrupt_stub_150
                0x0000000000001597                interrupt_stub_151
                0x00000000000015a3                interrupt_stub_152
                0x00000000000015af                interrupt_stub_153
                0x00000000000015bb                interrupt_stub_154
                0x00000000000015c7                interrupt_stub_155
                0x00000000000015d3                interrupt_stub_156
                0x00000000000015df                interrupt_stub_157
                0x00000000000015eb                interrupt_stub_158
                0x00000000000015f7                interrupt_stub_159
                0x0000000000001603                interrupt_stub_160
                0x000000000000160f                interrupt_stub_161
                0x000000000000161b                interrupt_stub_162
                0x0000000000001627                interrupt_stub_163
                0x0000000000001633                interrupt_stub_164
                0x000000000000163f                interrupt_stub_165
                0x000000000000164b                interrupt_stub_166
                0x0000000000001657                interrupt_stub_167
                0x0000000000001663                interrupt_stub_168
                0x000000000000166f                interrupt_stub_169
                0x000000000000167b                interrupt_stub_170
                0x0000000000001687                interrupt_stub_171
                0x0000000000001693                interrupt_stub_172
                0x000000000000169f                interrupt_stub_173
                0x00000000000016ab                interrupt_stub_174
                0x00000000000016b7                interrupt_stub_175
                0x00000000000016c3                interrupt_stub_176
                0x00000000000016cf                interrupt_stub_177
                0x00000000000016db                interrupt_stub_178
                0x00000000000016e7                interrupt_stub_179
                0x00000000000016f3                interrupt_stub_180
                0x00000000000016ff                interrupt_stub_181
                0x000000000000170b                interrupt_stub_182
                0x0000000000001717                interrupt_stub_183
                0x0000000000001723                interrupt_stub_184
                0x000000000000172f                interrupt_stub_185
                0x000000000000173b                interrupt_stub_186
                0x0000000000001747                interrupt_stub_187
                0x0000000000001753                interrupt_stub_188
                0x000000000000175f                interrupt_stub_189
                0x000000000000176b                interrupt_stub_190
                0x0000000000001777                interrupt_stub_191
                0x0000000000001783                interrupt_stub_192
                0x000000000000178f                interrupt_stub_193
                0x000000000000179b                interrupt_stub_194
                0x00000000000017a7                interrupt_stub_195
                0x00000000000017b3                interrupt_stub_196
                0x00000000000017bf                interrupt_stub_197
                0x00000000000017cb                interrupt_stub_198
                0x00000000000017d7                interrupt_stub_199
                0x00000000000017e3                interrupt_stub_200
                0x00000000000017ef                interrupt_stub_201
                0x00000000000017fb                interrupt_stub_202
                0x0000000000001807                interrupt_stub_203
                0x0000000000001813                interrupt_stub_204
                0x000000000000181f                interrupt_stub_205
                0x000000000000182b                interrupt_stub_206
                0x0000000000001837                interrupt_stub_207
                0x0000000000001843                interrupt_stub_208
                0x000000000000184f                interrupt_stub_209
                0x000000000000185b                interrupt_stub_210
                0x0000000000001867                interrupt_stub_211
                0x0000000000001873                interrupt_stub_212
                0x000000000000187f                interrupt_stub_213
                0x000000000000188b                interrupt_stub_214
                0x0000000000001897                interrupt_stub_215
                0x00000000000018a3                interrupt_stub_216
                0x00000000000018af                interrupt_stub_217
                0x00000000000018bb                interrupt_stub_218
                0x00000000000018c7                interrupt_stub_219
                0x00000000000018d3                interrupt_stub_220
                0x00000000000018df                interrupt_stub_221
                0x00000000000018eb                interrupt_stub_222
                0x00000000000018f7                interrupt_stub_223
                0x0000000000001903                interrupt_stub_224
                0x000000000000190f                interrupt_stub_225
                0x000000000000191b                interrupt_stub_226
                0x0000000000001927                interrupt_stub_227
                0x0000000000001933                interrupt_stub_228
                0x000000000000193f                interrupt_stub_229
                0x000000000000194b                interrupt_stub_230
                0x0000000000001957                interrupt_stub_231
                0x0000000000001963                interrupt_stub_232
                0x000000000000196f                interrupt_stub_233
                0x000000000000197b                interrupt_stub_234
                0x0000000000001987                interrupt_stub_235
                0x0000000000001993                interrupt_stub_236
                0x000000000000199f                interrupt_stub_237
                0x00000000000019ab                interrupt_stub_238
                0x00000000000019b7                interrupt_stub_239
                0x00000000000019c3                interrupt_stub_240
                0x00000000000019cf                interrupt_stub_241
                0x00000000000019d8                interrupt_stub_242
                0x00000000000019e1                interrupt_stub_243
                0x00000000000019ea                interrupt_stub_244
                0x00000000000019f3                interrupt_stub_245
                0x00000000000019fc                interrupt_stub_246
                0x0000000000001a05                interrupt_stub_247
                0x0000000000001a0e                interrupt_stub_248
                0x0000000000001a17                interrupt_stub_249
                0x0000000000001a20                interrupt_stub_250
                0x0000000000001a29                interrupt_stub_251
                0x0000000000001a32                interrupt_stub_252
                0x0000000000001a3b                interrupt_stub_253
                0x0000000000001a44                interrupt_stub_254
                0x0000000000001a4d                interrupt_stub_255
                0x0000000000001a56                interrupt_common_entry
 *fill*         0x0000000000001a9d        0x3 
 .text          0x0000000000001aa0       0x13 build/obj/abi/service.o
                0x0000000000001aa0                abi::descriptor()
                0x0000000000001ab0                abi::application_transport_available()
 *fill*         0x0000000000001ab3        0xd 
 .text          0x0000000000001ac0      0xac6 build/obj/apps/builtin.o
                0x0000000000002440                builtin_apps::register_all()
 *fill*         0x0000000000002586        0xa 
 .text          0x0000000000002590      0x4d0 build/obj/apps/framework.o
                0x0000000000002590                applications::initialize()
                0x00000000000025b0                applications::register_application(applications::Definition const&)
                0x0000000000002710                applications::launch(char const*, char const*)
                0x0000000000002800                applications::stop()
                0x0000000000002860                applications::running()
                0x0000000000002880                applications::active_name()
                0x00000000000028b0                applications::dispatch_key(char)
                0x00000000000028f0                applications::dispatch_tick(unsigned long)
                0x0000000000002930                applications::list(bool (*)(applications::Definition const&, void*), void*)
                0x00000000000029a0                applications::status_message(applications::Status)
 .text          0x0000000000002a60       0xe8 build/obj/arch/x86_64/gdt.o
                0x0000000000002a60                arch::x86_64::gdt::initialize()
                0x0000000000002b40                arch::x86_64::gdt::initialized()
 *fill*         0x0000000000002b48       0x18 
 .text          0x0000000000002b60      0x374 build/obj/arch/x86_64/interrupts.o
                0x0000000000002b60                arch::x86_64::interrupts::initialize()
                0x0000000000002cc0                arch::x86_64::interrupts::initialized()
                0x0000000000002cd0                arch::x86_64::interrupts::register_handler(unsigned char, void (*)(arch::x86_64::interrupts::InterruptFrame&))
                0x0000000000002d00                arch::x86_64::interrupts::unregister_handler(unsigned char)
                0x0000000000002d20                arch::x86_64::interrupts::register_irq_handler(unsigned char, void (*)())
                0x0000000000002d50                arch::x86_64::interrupts::unregister_irq_handler(unsigned char)
                0x0000000000002d70                arch::x86_64::interrupts::enable()
                0x0000000000002d80                arch::x86_64::interrupts::disable()
                0x0000000000002d90                arch::x86_64::interrupts::enabled()
                0x0000000000002da0                arch::x86_64::interrupts::interrupt_count(unsigned char)
                0x0000000000002db0                arch::x86_64::interrupts::last_exception_vector()
                0x0000000000002dc0                arch::x86_64::interrupts::last_exception_error_code()
                0x0000000000002dd0                arch::x86_64::interrupts::last_page_fault_address()
                0x0000000000002de0                arch::x86_64::interrupts::halt()
                0x0000000000002e00                x86_64_interrupt_dispatch
 *fill*         0x0000000000002ed4       0x2c 
 .text          0x0000000000002f00      0x4ee build/obj/core/log.o
                0x0000000000003180                log::set_minimum_level(log::Level)
                0x0000000000003190                log::minimum_level()
                0x00000000000031a0                log::write(log::Level, char const*, char const*)
                0x0000000000003230                log::write_u64(log::Level, char const*, char const*, unsigned long)
                0x00000000000032c0                log::write_hex(log::Level, char const*, char const*, unsigned long)
 *fill*         0x00000000000033ee       0x12 
 .text          0x0000000000003400      0x123 build/obj/core/memory.o
                0x0000000000003400                memset
                0x0000000000003450                memcpy
                0x0000000000003480                memmove
                0x00000000000034e0                memcmp
 *fill*         0x0000000000003523       0x1d 
 .text          0x0000000000003540      0x5d9 build/obj/core/string.o
                0x0000000000003540                kstd::strlen(char const*)
                0x0000000000003570                kstd::strnlen(char const*, unsigned long)
                0x00000000000035a0                kstd::strcmp(char const*, char const*)
                0x0000000000003610                kstd::strncmp(char const*, char const*, unsigned long)
                0x0000000000003670                kstd::streq(char const*, char const*)
                0x00000000000036f0                kstd::copy(char*, unsigned long, char const*)
                0x0000000000003760                kstd::append(char*, unsigned long, char const*)
                0x00000000000037f0                kstd::starts_with(char const*, char const*)
                0x0000000000003850                kstd::ascii_to_lower(char)
                0x0000000000003860                kstd::parse_u64(char const*, unsigned long&, unsigned int)
                0x0000000000003980                kstd::format_u64(char*, unsigned long, unsigned long, unsigned int, bool)
                0x0000000000003a90                kstd::format_i64(char*, unsigned long, long)
                0x0000000000003af0                strlen
 *fill*         0x0000000000003b19        0x7 
 .text          0x0000000000003b20      0x488 build/obj/diagnostics/profiler.o
                0x0000000000003bc0                diagnostics::profiler::set_enabled(bool)
                0x0000000000003bd0                diagnostics::profiler::is_enabled()
                0x0000000000003be0                diagnostics::profiler::reset_sequence()
                0x0000000000003bf0                diagnostics::profiler::capture(diagnostics::profiler::Snapshot*)
                0x0000000000003f40                diagnostics::profiler::implemented_capabilities()
                0x0000000000003f50                diagnostics::profiler::known_unimplemented_capabilities()
                0x0000000000003f60                diagnostics::profiler::status_message(diagnostics::profiler::Status)
 *fill*         0x0000000000003fa8        0x8 
 .text          0x0000000000003fb0      0x8ea build/obj/drivers/framebuffer.o
                0x0000000000003fb0                graphics::init(KuroganeFramebuffer const&)
                0x0000000000004040                graphics::available()
                0x0000000000004050                graphics::info()
                0x0000000000004060                graphics::width()
                0x0000000000004070                graphics::height()
                0x0000000000004080                graphics::put_pixel(int, int, unsigned int)
                0x00000000000040e0                graphics::fill_rect(int, int, int, int, unsigned int)
                0x00000000000041f0                graphics::clear(unsigned int)
                0x0000000000004450                graphics::draw_rect(int, int, int, int, unsigned int, unsigned int)
                0x00000000000045e0                graphics::draw_char(int, int, char, unsigned int, unsigned int, unsigned int, bool)
                0x0000000000004610                graphics::draw_text(int, int, char const*, unsigned int, unsigned int, unsigned int, bool)
                0x0000000000004810                graphics::scroll_up(unsigned int, unsigned int)
 *fill*         0x000000000000489a        0x6 
 .text          0x00000000000048a0     0x1053 build/obj/drivers/keyboard.o
                0x00000000000053c0                drivers::keyboard::handle_irq()
                0x00000000000053d0                drivers::keyboard::initialize()
                0x0000000000005630                drivers::keyboard::shutdown()
                0x0000000000005660                drivers::keyboard::initialized()
                0x0000000000005670                drivers::keyboard::controller_configured()
                0x0000000000005680                drivers::keyboard::poll()
                0x00000000000056d0                drivers::keyboard::process_scancode(unsigned char)
                0x0000000000005720                drivers::keyboard::try_read_event(drivers::keyboard::KeyEvent&)
                0x00000000000057d0                drivers::keyboard::try_read_char(char&)
                0x0000000000005820                drivers::keyboard::pending_events()
                0x0000000000005840                drivers::keyboard::dropped_events()
                0x0000000000005850                drivers::keyboard::clear_events()
                0x0000000000005890                drivers::keyboard::shift_active()
                0x00000000000058b0                drivers::keyboard::caps_lock_active()
                0x00000000000058c0                drivers::keyboard::control_active()
                0x00000000000058e0                drivers::keyboard::alt_active()
 *fill*         0x00000000000058f3        0xd 
 .text          0x0000000000005900      0x6ba build/obj/drivers/pci.o
                0x0000000000005a40                pci::read32(pci::Address, unsigned char)
                0x0000000000005a80                pci::read16(pci::Address, unsigned char)
                0x0000000000005ad0                pci::read8(pci::Address, unsigned char)
                0x0000000000005b20                pci::write32(pci::Address, unsigned char, unsigned int)
                0x0000000000005b60                pci::write16(pci::Address, unsigned char, unsigned short)
                0x0000000000005bd0                pci::scan()
                0x0000000000005cd0                pci::device_count()
                0x0000000000005ce0                pci::device_at(unsigned long)
                0x0000000000005d00                pci::find(unsigned short, unsigned short, unsigned long)
                0x0000000000005d60                pci::find_class(unsigned char, unsigned char, unsigned long)
                0x0000000000005dc0                pci::visit(bool (*)(pci::Device const&, void*), void*)
                0x0000000000005e30                pci::bar_address(pci::Device const&, unsigned char, bool*)
                0x0000000000005f60                pci::enable_bus_mastering(pci::Device const&)
 *fill*         0x0000000000005fba        0x6 
 .text          0x0000000000005fc0      0x1db build/obj/drivers/pic.o
                0x0000000000005fc0                drivers::pic::initialize()
                0x0000000000006040                drivers::pic::initialized()
                0x0000000000006050                drivers::pic::mask_all()
                0x0000000000006060                drivers::pic::mask(unsigned char)
                0x00000000000060b0                drivers::pic::unmask(unsigned char)
                0x00000000000060f0                drivers::pic::is_masked(unsigned char)
                0x0000000000006120                drivers::pic::current_mask()
                0x0000000000006130                drivers::pic::begin_irq(unsigned char)
                0x0000000000006180                drivers::pic::send_eoi(unsigned char)
 *fill*         0x000000000000619b        0x5 
 .text          0x00000000000061a0      0x14c build/obj/drivers/pit.o
                0x00000000000061a0                drivers::pit::handle_irq()
                0x00000000000061b0                drivers::pit::initialize(unsigned int)
                0x0000000000006270                drivers::pit::shutdown()
                0x00000000000062a0                drivers::pit::initialized()
                0x00000000000062b0                drivers::pit::frequency_hz()
                0x00000000000062c0                drivers::pit::divisor()
                0x00000000000062d0                drivers::pit::ticks()
                0x00000000000062e0                drivers::pit::reset_ticks()
 *fill*         0x00000000000062ec        0x4 
 .text          0x00000000000062f0      0x2b2 build/obj/drivers/rtc.o
                0x0000000000006490                rtc::read(rtc::DateTime&)
                0x0000000000006570                rtc::is_leap_year(unsigned short)
 *fill*         0x00000000000065a2        0xe 
 .text          0x00000000000065b0      0x1e2 build/obj/drivers/serial.o
                0x0000000000006660                serial::init(unsigned short)
                0x00000000000066d0                serial::ready()
                0x00000000000066e0                serial::put(char)
                0x0000000000006700                serial::write(char const*)
                0x0000000000006720                serial::write_hex(unsigned long)
 *fill*         0x0000000000006792        0xe 
 .text          0x00000000000067a0     0x1e95 build/obj/fs/ramfs.o
                0x00000000000076d0                fs::initialize_ramfs()
                0x0000000000007760                fs::create_file_at(char const*, fs::FileEntry**)
                0x00000000000077a0                fs::create_directory_at(char const*, fs::FileEntry**)
                0x00000000000077e0                fs::read_file_data(char const*, void*, unsigned long, unsigned long*)
                0x00000000000078d0                fs::write_file_data(char const*, void const*, unsigned long, bool)
                0x0000000000007930                fs::stat_path(char const*, fs::FileStat*)
                0x00000000000079d0                fs::list_directory(char const*, bool (*)(char const*, fs::FileStat const*, void*), void*)
                0x00000000000079f0                fs::remove_path(char const*, bool)
                0x0000000000007ab0                fs::copy_file(char const*, char const*)
                0x0000000000007d30                fs::move_path(char const*, char const*)
                0x0000000000008140                fs::rename_path(char const*, char const*)
                0x0000000000008150                fs::last_status()
                0x0000000000008160                fs::status_message(fs::Status)
                0x00000000000082d0                fs::init_ramfs()
                0x0000000000008360                fs::create_file(char const*)
                0x00000000000083e0                fs::create_directory(char const*)
                0x0000000000008460                fs::read_file(char const*)
                0x0000000000008530                fs::write_file(char const*, char const*)
                0x0000000000008620                fs::list_files()
 *fill*         0x0000000000008635        0xb 
 .text          0x0000000000008640      0xfae build/obj/main.o
                0x0000000000008af0                kmain
 *fill*         0x00000000000095ee       0x12 
 .text          0x0000000000009600      0x428 build/obj/memory/allocator.o
                0x0000000000009650                memory::init_kernel_heap(void*, unsigned long)
                0x0000000000009700                memory::kmalloc(unsigned long, unsigned long)
                0x0000000000009880                memory::kfree(void*)
                0x00000000000099b0                memory::kernel_heap_initialized()
                0x00000000000099c0                memory::total_bytes()
                0x00000000000099e0                memory::used_bytes()
                0x00000000000099f0                memory::free_bytes()
                0x0000000000009a20                memory::allocation_count()
 *fill*         0x0000000000009a28        0x8 
 .text          0x0000000000009a30      0x600 build/obj/memory/kernel_virtual_memory.o
                0x0000000000009ab0                memory::kernel_virtual_memory::initialize()
                0x0000000000009c50                memory::kernel_virtual_memory::self_test()
                0x0000000000009ef0                memory::kernel_virtual_memory::initialized()
                0x0000000000009f10                memory::kernel_virtual_memory::root_table_physical()
                0x0000000000009f20                memory::kernel_virtual_memory::physical_address_bits()
                0x0000000000009f30                memory::kernel_virtual_memory::address_space()
                0x0000000000009f50                memory::kernel_virtual_memory::status_message(memory::kernel_virtual_memory::Status)
 *fill*         0x000000000000a030       0x10 
 .text          0x000000000000a040      0x4f6 build/obj/memory/physical_memory.o
                0x000000000000a2a0                memory::init_physical_memory(unsigned long, unsigned long, unsigned long)
                0x000000000000a2c0                memory::init_physical_memory_with_bitmap(unsigned long, unsigned long, unsigned long, void*, unsigned long)
                0x000000000000a2d0                memory::alloc_frame()
                0x000000000000a360                memory::try_free_frame(void*)
                0x000000000000a440                memory::free_frame(void*)
                0x000000000000a450                memory::is_frame_allocated(void*)
                0x000000000000a4c0                memory::physical_memory_initialized()
                0x000000000000a4d0                memory::physical_memory_base()
                0x000000000000a4e0                memory::physical_frame_size()
                0x000000000000a4f0                memory::total_frames()
                0x000000000000a500                memory::used_frames()
                0x000000000000a510                memory::free_frames()
                0x000000000000a520                memory::reserved_frames()
                0x000000000000a530                memory::static_bitmap_capacity_frames()
 *fill*         0x000000000000a536        0xa 
 .text          0x000000000000a540      0xea0 build/obj/memory/virtual_memory.o
                0x000000000000a8b0                memory::virtual_memory::initialize(memory::virtual_memory::AddressSpace*, unsigned long, memory::virtual_memory::Backend const*)
                0x000000000000aa10                memory::virtual_memory::map_page(memory::virtual_memory::AddressSpace*, unsigned long, unsigned long, memory::virtual_memory::MapFlags)
                0x000000000000aea0                memory::virtual_memory::unmap_page(memory::virtual_memory::AddressSpace*, unsigned long, memory::virtual_memory::Mapping*)
                0x000000000000b0c0                memory::virtual_memory::query_page(memory::virtual_memory::AddressSpace const*, unsigned long, memory::virtual_memory::Mapping*)
                0x000000000000b1c0                memory::virtual_memory::translate(memory::virtual_memory::AddressSpace const*, unsigned long, unsigned long*)
                0x000000000000b2d0                memory::virtual_memory::status_message(memory::virtual_memory::Status)
 *fill*         0x000000000000b3e0       0x20 
 .text          0x000000000000b400     0x2bf0 build/obj/net/network.o
                0x000000000000bb10                net::mac_equal(net::MacAddress const&, net::MacAddress const&)
                0x000000000000bb40                net::mac_is_zero(net::MacAddress const&)
                0x000000000000bb70                net::mac_is_broadcast(net::MacAddress const&)
                0x000000000000bba0                net::mac_is_multicast(net::MacAddress const&)
                0x000000000000bbb0                net::ipv4_equal(net::IPv4Address const&, net::IPv4Address const&)
                0x000000000000bbe0                net::ipv4_is_zero(net::IPv4Address const&)
                0x000000000000bbf0                net::ipv4_is_multicast(net::IPv4Address const&)
                0x000000000000bc00                net::ipv4_is_limited_broadcast(net::IPv4Address const&)
                0x000000000000bc10                net::read_be16(unsigned char const*)
                0x000000000000bc30                net::read_be32(unsigned char const*)
                0x000000000000bc50                net::write_be16(unsigned char*, unsigned short)
                0x000000000000bc60                net::write_be32(unsigned char*, unsigned int)
                0x000000000000bc70                net::internet_checksum(unsigned char const*, unsigned long)
                0x000000000000bd30                net::parse_ethernet(unsigned char const*, unsigned long, net::EthernetFrameView*)
                0x000000000000be80                net::serialize_ethernet(net::MacAddress const&, net::MacAddress const&, unsigned short, unsigned char const*, unsigned long, unsigned char*, unsigned long, unsigned long*)
                0x000000000000c2f0                net::parse_arp(unsigned char const*, unsigned long, net::ArpPacket*)
                0x000000000000c520                net::serialize_arp(net::ArpPacket const&, unsigned char*, unsigned long, unsigned long*)
                0x000000000000c740                net::parse_ipv4(unsigned char const*, unsigned long, net::IPv4PacketView*)
                0x000000000000c980                net::serialize_ipv4(net::IPv4Header const&, unsigned char const*, unsigned long, unsigned char*, unsigned long, unsigned long*)
                0x000000000000cbe0                net::parse_icmp_echo(unsigned char const*, unsigned long, net::IcmpEchoView*)
                0x000000000000ccc0                net::serialize_icmp_echo(net::IcmpEchoType, unsigned short, unsigned short, unsigned char const*, unsigned long, unsigned char*, unsigned long, unsigned long*)
                0x000000000000d000                net::interface_transmit(net::NetworkInterface*, unsigned char const*, unsigned long)
                0x000000000000d070                net::interface_receive(net::NetworkInterface*, unsigned char*, unsigned long, unsigned long*)
                0x000000000000d0f0                net::initialize_loopback(net::LoopbackInterface*, net::MacAddress const&)
                0x000000000000d180                net::loopback_queued_frames(net::LoopbackInterface const*)
                0x000000000000d1a0                net::initialize_stack(net::NetworkStack*, net::NetworkInterface*)
                0x000000000000d230                net::configure_ipv4(net::NetworkStack*, net::IPv4Config const&)
                0x000000000000d400                net::receive(net::NetworkStack*, unsigned char const*, unsigned long)
                0x000000000000d980                net::poll(net::NetworkStack*, unsigned long, unsigned long*)
                0x000000000000da80                net::send_ping(net::NetworkStack*, net::IPv4Address const&, unsigned short, unsigned short, unsigned char const*, unsigned long)
                0x000000000000dc90                net::lookup_neighbor(net::NetworkStack const*, net::IPv4Address const&, net::NeighborEntry*)
                0x000000000000dd50                net::list_neighbors(net::NetworkStack const*, bool (*)(net::NeighborEntry const*, void*), void*)
                0x000000000000ddf0                net::get_stats(net::NetworkStack const*, net::NetworkStats*)
                0x000000000000de30                net::get_last_ping_reply(net::NetworkStack const*, net::PingReply*)
                0x000000000000de90                net::status_message(net::Status)
 .text          0x000000000000dff0      0x223 build/obj/net/service.o
                0x000000000000dff0                net::service::initialize()
                0x000000000000e070                net::service::ready()
                0x000000000000e080                net::service::poll(unsigned long, unsigned long*)
                0x000000000000e0c0                net::service::ping_loopback(unsigned short, net::PingReply*)
                0x000000000000e1f0                net::service::stats(net::NetworkStats*)
                0x000000000000e200                net::service::configuration()
 *fill*         0x000000000000e213        0xd 
 .text          0x000000000000e220     0x24e8 build/obj/shell/shell.o
                0x0000000000010470                shell::initialize()
                0x0000000000010520                shell::feed(char)
                0x00000000000106a0                shell::execute(char const*)
                0x00000000000106c0                shell::show_prompt()
                0x00000000000106f0                shell::initialized()
                0x0000000000010700                shell::current_directory()
 *fill*         0x0000000000010708       0x18 
 .text          0x0000000000010720     0x13a0 build/obj/task/scheduler.o
                0x0000000000010840                scheduler::initialize(unsigned long)
                0x0000000000010940                scheduler::reset(unsigned long)
                0x0000000000010a50                scheduler::create(char const*, void (*)(void*), void*, unsigned long, unsigned long*)
                0x0000000000010cc0                scheduler::cancel(unsigned long)
                0x0000000000010df0                scheduler::suspend(unsigned long)
                0x0000000000010ee0                scheduler::resume(unsigned long)
                0x0000000000011050                scheduler::tick(unsigned long)
                0x0000000000011110                scheduler::run_pending(unsigned long, scheduler::RunResult*)
                0x0000000000011520                scheduler::yield()
                0x00000000000115d0                scheduler::stat(unsigned long, scheduler::TaskStat*)
                0x0000000000011770                scheduler::list(bool (*)(scheduler::TaskStat const*, void*), void*)
                0x0000000000011890                scheduler::get_metrics(scheduler::SchedulerMetrics*)
                0x0000000000011940                scheduler::current_task()
                0x0000000000011970                scheduler::now()
                0x0000000000011980                scheduler::status_message(scheduler::Status)
 .text          0x0000000000011ac0      0x648 build/obj/terminal.o
                0x0000000000011ac0                terminal::configure(KuroganeFramebuffer const&)
                0x0000000000011bd0                terminal::init()
                0x0000000000011bf0                terminal::ready()
                0x0000000000011c00                terminal::clear()
                0x0000000000011c50                terminal::backspace()
                0x0000000000011d00                terminal::put(char)
                0x0000000000011f20                terminal::println(char const*)
                0x0000000000011f80                terminal::write(char const*)
                0x0000000000011fd0                terminal::set_colors(unsigned int, unsigned int)
                0x0000000000011fe0                terminal::reset_colors()
                0x0000000000012000                terminal::write_u64(unsigned long)
                0x0000000000012050                terminal::write_hex(unsigned long)
                0x00000000000120d0                terminal::columns()
                0x00000000000120e0                terminal::rows()
                0x00000000000120f0                terminal::cursor_column()
                0x0000000000012100                terminal::cursor_row()
 *fill*         0x0000000000012108        0x8 
 .text          0x0000000000012110      0x482 build/obj/ui/ui.o
                0x0000000000012110                ui::default_theme()
                0x0000000000012120                ui::contains(ui::Rect const&, int, int)
                0x0000000000012150                ui::desktop(char const*)
                0x0000000000012200                ui::panel(ui::Rect const&, bool)
                0x0000000000012260                ui::window(ui::Rect const&, char const*)
                0x0000000000012320                ui::label(ui::Rect const&, char const*, unsigned int, unsigned int)
                0x0000000000012350                ui::button(ui::Rect const&, char const*, bool)
                0x0000000000012400                ui::progress(ui::Rect const&, unsigned int, unsigned int)
                0x00000000000124b0                ui::separator(int, int, int)
                0x00000000000124d0                ui::taskbar(char const*)
                0x0000000000012592                __text_end = .

.plt            0x00000000000125a0        0x0
 .plt           0x00000000000125a0        0x0 build/obj/arch/x86_64/entry.o

.plt.got        0x0000000000012598        0x0
 .plt.got       0x0000000000012598        0x0 build/obj/arch/x86_64/entry.o
                0x0000000000013000                . = ALIGN (0x1000)

.rodata         0x0000000000013000     0x21f0
                0x0000000000013000                __rodata_start = .
                0x0000000000013000        0x4 LONG 0x0
                0x0000000000013004                __rodata_payload_start = .
 *(.rodata .rodata.*)
 *fill*         0x0000000000013004       0x1c 
 .rodata        0x0000000000013020       0x30 build/obj/abi/service.o
 .rodata.str1.1
                0x0000000000013050      0xfa6 build/obj/apps/builtin.o
                                        0x1a2 (size before relaxing)
 *fill*         0x0000000000013ff6        0x2 
 .rodata.str1.8
                0x0000000000013ff8      0x942 build/obj/apps/builtin.o
                                        0x131 (size before relaxing)
 .rodata.str1.1
                0x000000000001493a        0x0 build/obj/apps/framework.o
                                         0xb2 (size before relaxing)
 .rodata.str1.8
                0x000000000001493a        0x0 build/obj/apps/framework.o
                                         0x3f (size before relaxing)
 *fill*         0x000000000001493a        0x2 
 .rodata        0x000000000001493c       0x28 build/obj/apps/framework.o
 .rodata.str1.1
                0x0000000000014964        0x0 build/obj/core/log.o
                                         0x54 (size before relaxing)
 *fill*         0x0000000000014964        0xc 
 .rodata        0x0000000000014970       0x31 build/obj/core/log.o
 .rodata.str1.1
                0x00000000000149a1        0x0 build/obj/core/string.o
                                         0x22 (size before relaxing)
 .rodata.str1.1
                0x00000000000149a1        0x0 build/obj/diagnostics/profiler.o
                                         0x46 (size before relaxing)
 *fill*         0x00000000000149a1       0x1f 
 .rodata        0x00000000000149c0      0x208 build/obj/drivers/framebuffer.o
 *fill*         0x0000000000014bc8       0x18 
 .rodata        0x0000000000014be0      0x3c3 build/obj/drivers/keyboard.o
 .rodata.str1.1
                0x0000000000014fa3        0x0 build/obj/drivers/serial.o
                                          0x3 (size before relaxing)
 *fill*         0x0000000000014fa3        0xd 
 .rodata        0x0000000000014fb0       0x11 build/obj/drivers/serial.o
 .rodata.str1.1
                0x0000000000014fc1        0x0 build/obj/fs/ramfs.o
                                        0x141 (size before relaxing)
 .rodata.str1.8
                0x0000000000014fc1        0x0 build/obj/fs/ramfs.o
                                         0x24 (size before relaxing)
 *fill*         0x0000000000014fc1        0x3 
 .rodata        0x0000000000014fc4       0x54 build/obj/fs/ramfs.o
 .rodata.str1.8
                0x0000000000015018        0x0 build/obj/main.o
                                        0x3e7 (size before relaxing)
 .rodata.str1.1
                0x0000000000015018        0x0 build/obj/main.o
                                        0x609 (size before relaxing)
 .rodata.str1.1
                0x0000000000015018        0x0 build/obj/memory/kernel_virtual_memory.o
                                         0x9f (size before relaxing)
 .rodata.str1.8
                0x0000000000015018        0x0 build/obj/memory/kernel_virtual_memory.o
                                         0xf3 (size before relaxing)
 .rodata        0x0000000000015018       0x30 build/obj/memory/kernel_virtual_memory.o
 .rodata.str1.1
                0x0000000000015048        0x0 build/obj/memory/virtual_memory.o
                                        0x10a (size before relaxing)
 .rodata        0x0000000000015048       0x40 build/obj/memory/virtual_memory.o
 .rodata        0x0000000000015088       0x8e build/obj/net/network.o
 .rodata.str1.1
                0x0000000000015116        0x0 build/obj/net/network.o
                                        0x158 (size before relaxing)
 .rodata        0x0000000000015116        0xe build/obj/net/service.o
 .rodata.str1.1
                0x0000000000015124        0x0 build/obj/shell/shell.o
                                        0x34b (size before relaxing)
 .rodata.str1.8
                0x0000000000015124        0x0 build/obj/shell/shell.o
                                        0x2c2 (size before relaxing)
 .rodata        0x0000000000015124       0x2c build/obj/shell/shell.o
 .rodata.cst2   0x0000000000015150        0x2 build/obj/shell/shell.o
 .rodata.str1.1
                0x0000000000015152        0x0 build/obj/task/scheduler.o
                                        0x124 (size before relaxing)
 *fill*         0x0000000000015152        0x2 
 .rodata        0x0000000000015154       0x48 build/obj/task/scheduler.o
 .rodata.str1.1
                0x000000000001519c        0x0 build/obj/terminal.o
                                         0x15 (size before relaxing)
 .rodata.str1.1
                0x000000000001519c        0x0 build/obj/ui/ui.o
                                         0x12 (size before relaxing)
 *fill*         0x000000000001519c        0x4 
 .rodata        0x00000000000151a0       0x20 build/obj/ui/ui.o
 *(.gcc_except_table .gcc_except_table.*)
 *(.eh_frame_hdr)
 *(.eh_frame)
 .eh_frame      0x00000000000151c0        0x0 build/obj/arch/x86_64/entry.o
 .eh_frame      0x00000000000151c0        0x0 build/obj/arch/x86_64/entry.o
 *(.dynsym)
 .dynsym        0x00000000000151c0       0x18 build/obj/arch/x86_64/entry.o
 *(.dynstr)
 .dynstr        0x00000000000151d8        0x1 build/obj/arch/x86_64/entry.o
 *(.hash)
 *fill*         0x00000000000151d9        0x7 
 .hash          0x00000000000151e0       0x10 build/obj/arch/x86_64/entry.o
 *(.gnu.hash)
 *(.rela.dyn)
                0x00000000000151f0                __rodata_end = .

.gnu.version_d  0x00000000000151f0        0x0
 .gnu.version_d
                0x00000000000151f0        0x0 build/obj/arch/x86_64/entry.o

.gnu.version    0x00000000000151f0        0x0
 .gnu.version   0x00000000000151f0        0x0 build/obj/arch/x86_64/entry.o

.gnu.version_r  0x00000000000151f0        0x0
 .gnu.version_r
                0x00000000000151f0        0x0 build/obj/arch/x86_64/entry.o

.sframe         0x00000000000151f0        0x0
 .sframe        0x00000000000151f0        0x0 build/obj/arch/x86_64/entry.o
 .sframe        0x00000000000151f0        0x0 build/obj/arch/x86_64/entry.o

.rela.dyn       0x00000000000151f0     0x1b18
 .rela.plt      0x00000000000151f0        0x0 build/obj/arch/x86_64/entry.o
 .rela.got      0x00000000000151f0       0x18 build/obj/arch/x86_64/entry.o
 .rela.bss      0x0000000000015208        0x0 build/obj/arch/x86_64/entry.o
 .rela.data.rel.ro
                0x0000000000015208        0x0 build/obj/arch/x86_64/entry.o
 .rela.ifunc    0x0000000000015208        0x0 build/obj/arch/x86_64/entry.o
 .rela.data.rel.ro.interrupts
                0x0000000000015208     0x1800 build/obj/arch/x86_64/entry.o
 .rela.data.rel.ro.local
                0x0000000000016a08      0x300 build/obj/arch/x86_64/entry.o
                0x0000000000017000                . = ALIGN (0x1000)

.data           0x0000000000017000      0xad8
                0x0000000000017000                __data_start = .
 *(.data .data.*)
 .data          0x0000000000017000        0x0 build/obj/arch/x86_64/entry.o
 .data.rel.ro   0x0000000000017000        0x0 build/obj/arch/x86_64/entry.o
 .data          0x0000000000017000        0x0 build/obj/arch/x86_64/interrupt_stubs.o
 .data.rel.ro.interrupts
                0x0000000000017000      0x800 build/obj/arch/x86_64/interrupt_stubs.o
                0x0000000000017000                interrupt_stub_table
 .data          0x0000000000017800        0x0 build/obj/abi/service.o
 .data          0x0000000000017800        0x0 build/obj/apps/builtin.o
 .data          0x0000000000017800        0x8 build/obj/apps/framework.o
 *fill*         0x0000000000017808        0x8 
 .data          0x0000000000017810       0x38 build/obj/arch/x86_64/gdt.o
 .data          0x0000000000017848        0x1 build/obj/arch/x86_64/interrupts.o
 .data          0x0000000000017849        0x1 build/obj/core/log.o
 .data          0x000000000001784a        0x0 build/obj/core/memory.o
 .data          0x000000000001784a        0x0 build/obj/core/string.o
 .data          0x000000000001784a        0x0 build/obj/diagnostics/profiler.o
 .data          0x000000000001784a        0x0 build/obj/drivers/framebuffer.o
 .data          0x000000000001784a        0x0 build/obj/drivers/keyboard.o
 .data          0x000000000001784a        0x0 build/obj/drivers/pci.o
 .data          0x000000000001784a        0x0 build/obj/drivers/pic.o
 .data          0x000000000001784a        0x0 build/obj/drivers/pit.o
 .data          0x000000000001784a        0x0 build/obj/drivers/rtc.o
 .data          0x000000000001784a        0x2 build/obj/drivers/serial.o
 .data          0x000000000001784c        0x1 build/obj/fs/ramfs.o
 .data          0x000000000001784d        0x0 build/obj/main.o
 *fill*         0x000000000001784d       0x13 
 .data.rel.ro.local
                0x0000000000017860      0x100 build/obj/main.o
 .data          0x0000000000017960        0x0 build/obj/memory/allocator.o
 .data          0x0000000000017960        0x0 build/obj/memory/kernel_virtual_memory.o
 .data          0x0000000000017960        0x8 build/obj/memory/physical_memory.o
 .data          0x0000000000017968        0x0 build/obj/memory/virtual_memory.o
 .data          0x0000000000017968        0x0 build/obj/net/network.o
 .data          0x0000000000017968        0x0 build/obj/net/service.o
 *fill*         0x0000000000017968       0x18 
 .data          0x0000000000017980      0x120 build/obj/shell/shell.o
 .data          0x0000000000017aa0        0x8 build/obj/task/scheduler.o
 .data          0x0000000000017aa8        0xc build/obj/terminal.o
 .data          0x0000000000017ab4        0x0 build/obj/ui/ui.o
 *(.got .got.*)
 *fill*         0x0000000000017ab4        0x4 
 .got           0x0000000000017ab8        0x8 build/obj/arch/x86_64/entry.o
 .got.plt       0x0000000000017ac0       0x18 build/obj/arch/x86_64/entry.o
                0x0000000000017ac0                _GLOBAL_OFFSET_TABLE_
 *(.init_array .init_array.*)
 *(.fini_array .fini_array.*)
                0x0000000000017ad8                __data_end = .

.dynamic        0x0000000000017ad8      0x100
 *(.dynamic)
 .dynamic       0x0000000000017ad8      0x100 build/obj/arch/x86_64/entry.o
                0x0000000000017ad8                _DYNAMIC

.bss            0x0000000000017c00   0x2452a1
                0x0000000000017c00                __bss_start = .
 *(.bss .bss.*)
 .bss           0x0000000000017c00    0x10000 build/obj/arch/x86_64/entry.o
                0x0000000000017c00                kernel_stack_bottom
                0x0000000000027c00                kernel_stack_top
 .bss           0x0000000000027c00        0x0 build/obj/arch/x86_64/interrupt_stubs.o
 .bss           0x0000000000027c00        0x0 build/obj/abi/service.o
 .bss           0x0000000000027c00       0x10 build/obj/apps/builtin.o
 *fill*         0x0000000000027c10       0x10 
 .bss           0x0000000000027c20      0x320 build/obj/apps/framework.o
 .bss           0x0000000000027f40     0xc080 build/obj/arch/x86_64/gdt.o
 .bss           0x0000000000033fc0     0x20a0 build/obj/arch/x86_64/interrupts.o
 .bss           0x0000000000036060        0x0 build/obj/core/log.o
 .bss           0x0000000000036060        0x0 build/obj/core/memory.o
 .bss           0x0000000000036060        0x0 build/obj/core/string.o
 .bss           0x0000000000036060        0x9 build/obj/diagnostics/profiler.o
 *fill*         0x0000000000036069       0x17 
 .bss           0x0000000000036080       0x40 build/obj/drivers/framebuffer.o
 .bss           0x00000000000360c0      0x520 build/obj/drivers/keyboard.o
 .bss           0x00000000000365e0      0x720 build/obj/drivers/pci.o
 .bss           0x0000000000036d00        0x1 build/obj/drivers/pic.o
 *fill*         0x0000000000036d01        0x7 
 .bss           0x0000000000036d08       0x10 build/obj/drivers/pit.o
 .bss           0x0000000000036d18        0x0 build/obj/drivers/rtc.o
 .bss           0x0000000000036d18        0x1 build/obj/drivers/serial.o
 *fill*         0x0000000000036d19        0x7 
 .bss           0x0000000000036d20       0x20 build/obj/fs/ramfs.o
 .bss           0x0000000000036d40   0x200040 build/obj/main.o
 .bss           0x0000000000236d80       0x30 build/obj/memory/allocator.o
 *fill*         0x0000000000236db0       0x10 
 .bss           0x0000000000236dc0       0x68 build/obj/memory/kernel_virtual_memory.o
 .bss           0x0000000000236e28    0x20048 build/obj/memory/physical_memory.o
 .bss           0x0000000000256e70        0x0 build/obj/memory/virtual_memory.o
 .bss           0x0000000000256e70        0x0 build/obj/net/network.o
 *fill*         0x0000000000256e70       0x10 
 .bss           0x0000000000256e80     0x3e40 build/obj/net/service.o
 .bss           0x000000000025acc0     0x1140 build/obj/shell/shell.o
 .bss           0x000000000025be00     0x1080 build/obj/task/scheduler.o
 .bss           0x000000000025ce80       0x21 build/obj/terminal.o
 .bss           0x000000000025cea1        0x0 build/obj/ui/ui.o
 *(COMMON)
                0x000000000025cea1                __bss_end = .

.dynbss         0x000000000025cea1        0x0
 .dynbss        0x000000000025cea1        0x0 build/obj/arch/x86_64/entry.o
                0x000000000025d000                . = ALIGN (0x1000)
                0x000000000025d000                __kernel_end = .

/DISCARD/
 *(.interp)
 *(.comment)
 *(.note .note.*)
                0x0000000000000001                ASSERT (DEFINED (_start), kernel entry symbol _start is missing)
                0x0000000000000001                ASSERT ((SIZEOF_HEADERS <= 0x1000), ELF headers exceed the reserved first page)
                0x0000000000000001                ASSERT ((ADDR (.text) == 0x1000), .text must start at image offset 0x1000)
                0x0000000000000001                ASSERT (((ADDR (.rodata) & 0xfff) == 0x0), .rodata is not page aligned)
                0x0000000000000001                ASSERT (((ADDR (.data) & 0xfff) == 0x0), .data is not page aligned)
                0x0000000000000001                ASSERT ((SIZEOF (.dynamic) != 0x0), PIE kernel is missing PT_DYNAMIC metadata)
                0x0000000000000001                ASSERT ((__kernel_end < 0x80000000), kernel exceeds the x86-64 small PIE code-model span)
LOAD build/obj/arch/x86_64/entry.o
LOAD build/obj/arch/x86_64/interrupt_stubs.o
LOAD build/obj/abi/service.o
LOAD build/obj/apps/builtin.o
LOAD build/obj/apps/framework.o
LOAD build/obj/arch/x86_64/gdt.o
LOAD build/obj/arch/x86_64/interrupts.o
LOAD build/obj/core/log.o
LOAD build/obj/core/memory.o
LOAD build/obj/core/string.o
LOAD build/obj/diagnostics/profiler.o
LOAD build/obj/drivers/framebuffer.o
LOAD build/obj/drivers/keyboard.o
LOAD build/obj/drivers/pci.o
LOAD build/obj/drivers/pic.o
LOAD build/obj/drivers/pit.o
LOAD build/obj/drivers/rtc.o
LOAD build/obj/drivers/serial.o
LOAD build/obj/fs/ramfs.o
LOAD build/obj/main.o
LOAD build/obj/memory/allocator.o
LOAD build/obj/memory/kernel_virtual_memory.o
LOAD build/obj/memory/physical_memory.o
LOAD build/obj/memory/virtual_memory.o
LOAD build/obj/net/network.o
LOAD build/obj/net/service.o
LOAD build/obj/shell/shell.o
LOAD build/obj/task/scheduler.o
LOAD build/obj/terminal.o
LOAD build/obj/ui/ui.o
OUTPUT(build/kernel.elf elf64-x86-64)

.debug_info     0x0000000000000000     0x9f4b
 .debug_info    0x0000000000000000       0x6e build/obj/abi/service.o
 .debug_info    0x000000000000006e      0x410 build/obj/apps/builtin.o
 .debug_info    0x000000000000047e      0x26d build/obj/apps/framework.o
 .debug_info    0x00000000000006eb       0x9f build/obj/arch/x86_64/gdt.o
 .debug_info    0x000000000000078a      0x2ba build/obj/arch/x86_64/interrupts.o
 .debug_info    0x0000000000000a44      0x301 build/obj/core/log.o
 .debug_info    0x0000000000000d45       0x98 build/obj/core/memory.o
 .debug_info    0x0000000000000ddd      0x319 build/obj/core/string.o
 .debug_info    0x00000000000010f6      0x297 build/obj/diagnostics/profiler.o
 .debug_info    0x000000000000138d      0x2f6 build/obj/drivers/framebuffer.o
 .debug_info    0x0000000000001683      0x94a build/obj/drivers/keyboard.o
 .debug_info    0x0000000000001fcd      0xa08 build/obj/drivers/pci.o
 .debug_info    0x00000000000029d5      0x6d1 build/obj/drivers/pic.o
 .debug_info    0x00000000000030a6      0x19a build/obj/drivers/pit.o
 .debug_info    0x0000000000003240      0x3ce build/obj/drivers/rtc.o
 .debug_info    0x000000000000360e      0x323 build/obj/drivers/serial.o
 .debug_info    0x0000000000003931      0xd69 build/obj/fs/ramfs.o
 .debug_info    0x000000000000469a      0x551 build/obj/main.o
 .debug_info    0x0000000000004beb      0x2d6 build/obj/memory/allocator.o
 .debug_info    0x0000000000004ec1      0x2bc build/obj/memory/kernel_virtual_memory.o
 .debug_info    0x000000000000517d      0x361 build/obj/memory/physical_memory.o
 .debug_info    0x00000000000054de      0x674 build/obj/memory/virtual_memory.o
 .debug_info    0x0000000000005b52     0x17e8 build/obj/net/network.o
 .debug_info    0x000000000000733a      0x136 build/obj/net/service.o
 .debug_info    0x0000000000007470      0xcb5 build/obj/shell/shell.o
 .debug_info    0x0000000000008125     0x17c8 build/obj/task/scheduler.o
 .debug_info    0x00000000000098ed      0x49c build/obj/terminal.o
 .debug_info    0x0000000000009d89      0x1c2 build/obj/ui/ui.o

.debug_abbrev   0x0000000000000000     0x1ff2
 .debug_abbrev  0x0000000000000000       0x34 build/obj/abi/service.o
 .debug_abbrev  0x0000000000000034      0x116 build/obj/apps/builtin.o
 .debug_abbrev  0x000000000000014a      0x10f build/obj/apps/framework.o
 .debug_abbrev  0x0000000000000259       0x81 build/obj/arch/x86_64/gdt.o
 .debug_abbrev  0x00000000000002da      0x103 build/obj/arch/x86_64/interrupts.o
 .debug_abbrev  0x00000000000003dd       0xeb build/obj/core/log.o
 .debug_abbrev  0x00000000000004c8       0x32 build/obj/core/memory.o
 .debug_abbrev  0x00000000000004fa      0x113 build/obj/core/string.o
 .debug_abbrev  0x000000000000060d       0xe2 build/obj/diagnostics/profiler.o
 .debug_abbrev  0x00000000000006ef      0x161 build/obj/drivers/framebuffer.o
 .debug_abbrev  0x0000000000000850      0x1cc build/obj/drivers/keyboard.o
 .debug_abbrev  0x0000000000000a1c      0x152 build/obj/drivers/pci.o
 .debug_abbrev  0x0000000000000b6e       0xe8 build/obj/drivers/pic.o
 .debug_abbrev  0x0000000000000c56       0x9e build/obj/drivers/pit.o
 .debug_abbrev  0x0000000000000cf4       0xfc build/obj/drivers/rtc.o
 .debug_abbrev  0x0000000000000df0      0x119 build/obj/drivers/serial.o
 .debug_abbrev  0x0000000000000f09      0x22b build/obj/fs/ramfs.o
 .debug_abbrev  0x0000000000001134      0x144 build/obj/main.o
 .debug_abbrev  0x0000000000001278      0x10e build/obj/memory/allocator.o
 .debug_abbrev  0x0000000000001386      0x100 build/obj/memory/kernel_virtual_memory.o
 .debug_abbrev  0x0000000000001486       0xee build/obj/memory/physical_memory.o
 .debug_abbrev  0x0000000000001574      0x186 build/obj/memory/virtual_memory.o
 .debug_abbrev  0x00000000000016fa      0x249 build/obj/net/network.o
 .debug_abbrev  0x0000000000001943       0x91 build/obj/net/service.o
 .debug_abbrev  0x00000000000019d4      0x20c build/obj/shell/shell.o
 .debug_abbrev  0x0000000000001be0      0x1c6 build/obj/task/scheduler.o
 .debug_abbrev  0x0000000000001da6      0x182 build/obj/terminal.o
 .debug_abbrev  0x0000000000001f28       0xca build/obj/ui/ui.o

.debug_aranges  0x0000000000000000      0x540
 .debug_aranges
                0x0000000000000000       0x30 build/obj/abi/service.o
 .debug_aranges
                0x0000000000000030       0x30 build/obj/apps/builtin.o
 .debug_aranges
                0x0000000000000060       0x30 build/obj/apps/framework.o
 .debug_aranges
                0x0000000000000090       0x30 build/obj/arch/x86_64/gdt.o
 .debug_aranges
                0x00000000000000c0       0x30 build/obj/arch/x86_64/interrupts.o
 .debug_aranges
                0x00000000000000f0       0x30 build/obj/core/log.o
 .debug_aranges
                0x0000000000000120       0x30 build/obj/core/memory.o
 .debug_aranges
                0x0000000000000150       0x30 build/obj/core/string.o
 .debug_aranges
                0x0000000000000180       0x30 build/obj/diagnostics/profiler.o
 .debug_aranges
                0x00000000000001b0       0x30 build/obj/drivers/framebuffer.o
 .debug_aranges
                0x00000000000001e0       0x30 build/obj/drivers/keyboard.o
 .debug_aranges
                0x0000000000000210       0x30 build/obj/drivers/pci.o
 .debug_aranges
                0x0000000000000240       0x30 build/obj/drivers/pic.o
 .debug_aranges
                0x0000000000000270       0x30 build/obj/drivers/pit.o
 .debug_aranges
                0x00000000000002a0       0x30 build/obj/drivers/rtc.o
 .debug_aranges
                0x00000000000002d0       0x30 build/obj/drivers/serial.o
 .debug_aranges
                0x0000000000000300       0x30 build/obj/fs/ramfs.o
 .debug_aranges
                0x0000000000000330       0x30 build/obj/main.o
 .debug_aranges
                0x0000000000000360       0x30 build/obj/memory/allocator.o
 .debug_aranges
                0x0000000000000390       0x30 build/obj/memory/kernel_virtual_memory.o
 .debug_aranges
                0x00000000000003c0       0x30 build/obj/memory/physical_memory.o
 .debug_aranges
                0x00000000000003f0       0x30 build/obj/memory/virtual_memory.o
 .debug_aranges
                0x0000000000000420       0x30 build/obj/net/network.o
 .debug_aranges
                0x0000000000000450       0x30 build/obj/net/service.o
 .debug_aranges
                0x0000000000000480       0x30 build/obj/shell/shell.o
 .debug_aranges
                0x00000000000004b0       0x30 build/obj/task/scheduler.o
 .debug_aranges
                0x00000000000004e0       0x30 build/obj/terminal.o
 .debug_aranges
                0x0000000000000510       0x30 build/obj/ui/ui.o

.debug_line     0x0000000000000000     0x94e4
 .debug_line    0x0000000000000000       0x58 build/obj/abi/service.o
 .debug_line    0x0000000000000058      0x509 build/obj/apps/builtin.o
 .debug_line    0x0000000000000561      0x2a7 build/obj/apps/framework.o
 .debug_line    0x0000000000000808       0xe6 build/obj/arch/x86_64/gdt.o
 .debug_line    0x00000000000008ee      0x234 build/obj/arch/x86_64/interrupts.o
 .debug_line    0x0000000000000b22      0x2f4 build/obj/core/log.o
 .debug_line    0x0000000000000e16      0x117 build/obj/core/memory.o
 .debug_line    0x0000000000000f2d      0x3fd build/obj/core/string.o
 .debug_line    0x000000000000132a      0x2e8 build/obj/diagnostics/profiler.o
 .debug_line    0x0000000000001612      0x49b build/obj/drivers/framebuffer.o
 .debug_line    0x0000000000001aad      0x6ab build/obj/drivers/keyboard.o
 .debug_line    0x0000000000002158      0x5e0 build/obj/drivers/pci.o
 .debug_line    0x0000000000002738      0x1f5 build/obj/drivers/pic.o
 .debug_line    0x000000000000292d      0x12e build/obj/drivers/pit.o
 .debug_line    0x0000000000002a5b      0x284 build/obj/drivers/rtc.o
 .debug_line    0x0000000000002cdf      0x187 build/obj/drivers/serial.o
 .debug_line    0x0000000000002e66     0x103a build/obj/fs/ramfs.o
 .debug_line    0x0000000000003ea0      0x729 build/obj/main.o
 .debug_line    0x00000000000045c9      0x2e5 build/obj/memory/allocator.o
 .debug_line    0x00000000000048ae      0x2f1 build/obj/memory/kernel_virtual_memory.o
 .debug_line    0x0000000000004b9f      0x370 build/obj/memory/physical_memory.o
 .debug_line    0x0000000000004f0f      0x770 build/obj/memory/virtual_memory.o
 .debug_line    0x000000000000567f     0x194f build/obj/net/network.o
 .debug_line    0x0000000000006fce      0x139 build/obj/net/service.o
 .debug_line    0x0000000000007107      0xfa5 build/obj/shell/shell.o
 .debug_line    0x00000000000080ac      0xe4d build/obj/task/scheduler.o
 .debug_line    0x0000000000008ef9      0x371 build/obj/terminal.o
 .debug_line    0x000000000000926a      0x27a build/obj/ui/ui.o

.debug_str      0x0000000000000000     0x65e4
 .debug_str     0x0000000000000000     0x65e4 build/obj/abi/service.o
                                        0x1dc (size before relaxing)
 .debug_str     0x00000000000065e4        0x0 build/obj/apps/builtin.o
                                        0x620 (size before relaxing)
 .debug_str     0x00000000000065e4        0x0 build/obj/apps/framework.o
                                        0x3a9 (size before relaxing)
 .debug_str     0x00000000000065e4        0x0 build/obj/arch/x86_64/gdt.o
                                        0x20c (size before relaxing)
 .debug_str     0x00000000000065e4        0x0 build/obj/arch/x86_64/interrupts.o
                                        0x5a8 (size before relaxing)
 .debug_str     0x00000000000065e4        0x0 build/obj/core/log.o
                                        0x330 (size before relaxing)
 .debug_str     0x00000000000065e4        0x0 build/obj/core/memory.o
                                        0x18d (size before relaxing)
 .debug_str     0x00000000000065e4        0x0 build/obj/core/string.o
                                        0x2ff (size before relaxing)
 .debug_str     0x00000000000065e4        0x0 build/obj/diagnostics/profiler.o
                                        0x710 (size before relaxing)
 .debug_str     0x00000000000065e4        0x0 build/obj/drivers/framebuffer.o
                                        0x34f (size before relaxing)
 .debug_str     0x00000000000065e4        0x0 build/obj/drivers/keyboard.o
                                        0x705 (size before relaxing)
 .debug_str     0x00000000000065e4        0x0 build/obj/drivers/pci.o
                                        0x3b9 (size before relaxing)
 .debug_str     0x00000000000065e4        0x0 build/obj/drivers/pic.o
                                        0x2ef (size before relaxing)
 .debug_str     0x00000000000065e4        0x0 build/obj/drivers/pit.o
                                        0x385 (size before relaxing)
 .debug_str     0x00000000000065e4        0x0 build/obj/drivers/rtc.o
                                        0x22c (size before relaxing)
 .debug_str     0x00000000000065e4        0x0 build/obj/drivers/serial.o
                                        0x23b (size before relaxing)
 .debug_str     0x00000000000065e4        0x0 build/obj/fs/ramfs.o
                                        0x66e (size before relaxing)
 .debug_str     0x00000000000065e4        0x0 build/obj/main.o
                                        0xd53 (size before relaxing)
 .debug_str     0x00000000000065e4        0x0 build/obj/memory/allocator.o
                                        0x359 (size before relaxing)
 .debug_str     0x00000000000065e4        0x0 build/obj/memory/kernel_virtual_memory.o
                                        0x6b5 (size before relaxing)
 .debug_str     0x00000000000065e4        0x0 build/obj/memory/physical_memory.o
                                        0x4e1 (size before relaxing)
 .debug_str     0x00000000000065e4        0x0 build/obj/memory/virtual_memory.o
                                        0x526 (size before relaxing)
 .debug_str     0x00000000000065e4        0x0 build/obj/net/network.o
                                        0xbb1 (size before relaxing)
 .debug_str     0x00000000000065e4        0x0 build/obj/net/service.o
                                        0x4ad (size before relaxing)
 .debug_str     0x00000000000065e4        0x0 build/obj/shell/shell.o
                                        0xc9e (size before relaxing)
 .debug_str     0x00000000000065e4        0x0 build/obj/task/scheduler.o
                                        0x544 (size before relaxing)
 .debug_str     0x00000000000065e4        0x0 build/obj/terminal.o
                                        0x4db (size before relaxing)
 .debug_str     0x00000000000065e4        0x0 build/obj/ui/ui.o
                                        0x3b0 (size before relaxing)

.debug_line_str
                0x0000000000000000      0x6b0
 .debug_line_str
                0x0000000000000000      0x6b0 build/obj/abi/service.o
                                         0x56 (size before relaxing)
 .debug_line_str
                0x00000000000006b0        0x0 build/obj/apps/builtin.o
                                        0x121 (size before relaxing)
 .debug_line_str
                0x00000000000006b0        0x0 build/obj/apps/framework.o
                                         0x7d (size before relaxing)
 .debug_line_str
                0x00000000000006b0        0x0 build/obj/arch/x86_64/gdt.o
                                         0x5a (size before relaxing)
 .debug_line_str
                0x00000000000006b0        0x0 build/obj/arch/x86_64/interrupts.o
                                         0x94 (size before relaxing)
 .debug_line_str
                0x00000000000006b0        0x0 build/obj/core/log.o
                                         0xac (size before relaxing)
 .debug_line_str
                0x00000000000006b0        0x0 build/obj/core/memory.o
                                         0x55 (size before relaxing)
 .debug_line_str
                0x00000000000006b0        0x0 build/obj/core/string.o
                                         0x55 (size before relaxing)
 .debug_line_str
                0x00000000000006b0        0x0 build/obj/diagnostics/profiler.o
                                        0x11c (size before relaxing)
 .debug_line_str
                0x00000000000006b0        0x0 build/obj/drivers/framebuffer.o
                                         0x8c (size before relaxing)
 .debug_line_str
                0x00000000000006b0        0x0 build/obj/drivers/keyboard.o
                                         0x96 (size before relaxing)
 .debug_line_str
                0x00000000000006b0        0x0 build/obj/drivers/pci.o
                                         0x77 (size before relaxing)
 .debug_line_str
                0x00000000000006b0        0x0 build/obj/drivers/pic.o
                                         0x52 (size before relaxing)
 .debug_line_str
                0x00000000000006b0        0x0 build/obj/drivers/pit.o
                                         0x87 (size before relaxing)
 .debug_line_str
                0x00000000000006b0        0x0 build/obj/drivers/rtc.o
                                         0x77 (size before relaxing)
 .debug_line_str
                0x00000000000006b0        0x0 build/obj/drivers/serial.o
                                         0x80 (size before relaxing)
 .debug_line_str
                0x00000000000006b0        0x0 build/obj/fs/ramfs.o
                                         0x70 (size before relaxing)
 .debug_line_str
                0x00000000000006b0        0x0 build/obj/main.o
                                        0x1a2 (size before relaxing)
 .debug_line_str
                0x00000000000006b0        0x0 build/obj/memory/allocator.o
                                         0x62 (size before relaxing)
 .debug_line_str
                0x00000000000006b0        0x0 build/obj/memory/kernel_virtual_memory.o
                                         0xad (size before relaxing)
 .debug_line_str
                0x00000000000006b0        0x0 build/obj/memory/physical_memory.o
                                         0x74 (size before relaxing)
 .debug_line_str
                0x00000000000006b0        0x0 build/obj/memory/virtual_memory.o
                                         0x84 (size before relaxing)
 .debug_line_str
                0x00000000000006b0        0x0 build/obj/net/network.o
                                         0x56 (size before relaxing)
 .debug_line_str
                0x00000000000006b0        0x0 build/obj/net/service.o
                                         0x62 (size before relaxing)
 .debug_line_str
                0x00000000000006b0        0x0 build/obj/shell/shell.o
                                        0x1c4 (size before relaxing)
 .debug_line_str
                0x00000000000006b0        0x0 build/obj/task/scheduler.o
                                         0x5e (size before relaxing)
 .debug_line_str
                0x00000000000006b0        0x0 build/obj/terminal.o
                                         0x92 (size before relaxing)
 .debug_line_str
                0x00000000000006b0        0x0 build/obj/ui/ui.o
                                         0x6a (size before relaxing)

.debug_frame    0x0000000000000000     0x3680
 .debug_frame   0x0000000000000000       0x48 build/obj/abi/service.o
 .debug_frame   0x0000000000000048      0x320 build/obj/apps/builtin.o
 .debug_frame   0x0000000000000368      0x1c8 build/obj/apps/framework.o
 .debug_frame   0x0000000000000530       0x58 build/obj/arch/x86_64/gdt.o
 .debug_frame   0x0000000000000588      0x1b8 build/obj/arch/x86_64/interrupts.o
 .debug_frame   0x0000000000000740      0x170 build/obj/core/log.o
 .debug_frame   0x00000000000008b0       0x78 build/obj/core/memory.o
 .debug_frame   0x0000000000000928      0x178 build/obj/core/string.o
 .debug_frame   0x0000000000000aa0      0x128 build/obj/diagnostics/profiler.o
 .debug_frame   0x0000000000000bc8      0x240 build/obj/drivers/framebuffer.o
 .debug_frame   0x0000000000000e08      0x2b8 build/obj/drivers/keyboard.o
 .debug_frame   0x00000000000010c0      0x1e8 build/obj/drivers/pci.o
 .debug_frame   0x00000000000012a8       0xf0 build/obj/drivers/pic.o
 .debug_frame   0x0000000000001398      0x100 build/obj/drivers/pit.o
 .debug_frame   0x0000000000001498       0xb8 build/obj/drivers/rtc.o
 .debug_frame   0x0000000000001550       0xe0 build/obj/drivers/serial.o
 .debug_frame   0x0000000000001630      0x6b8 build/obj/fs/ramfs.o
 .debug_frame   0x0000000000001ce8       0x98 build/obj/main.o
 .debug_frame   0x0000000000001d80      0x120 build/obj/memory/allocator.o
 .debug_frame   0x0000000000001ea0      0x188 build/obj/memory/kernel_virtual_memory.o
 .debug_frame   0x0000000000002028      0x1a0 build/obj/memory/physical_memory.o
 .debug_frame   0x00000000000021c8      0x280 build/obj/memory/virtual_memory.o
 .debug_frame   0x0000000000002448      0x738 build/obj/net/network.o
 .debug_frame   0x0000000000002b80       0xe0 build/obj/net/service.o
 .debug_frame   0x0000000000002c60      0x348 build/obj/shell/shell.o
 .debug_frame   0x0000000000002fa8      0x260 build/obj/task/scheduler.o
 .debug_frame   0x0000000000003208      0x2a0 build/obj/terminal.o
 .debug_frame   0x00000000000034a8      0x1d8 build/obj/ui/ui.o

.debug_rnglists
                0x0000000000000000     0x15a9
 .debug_rnglists
                0x0000000000000000       0x59 build/obj/apps/builtin.o
 .debug_rnglists
                0x0000000000000059       0x29 build/obj/apps/framework.o
 .debug_rnglists
                0x0000000000000082       0x2b build/obj/arch/x86_64/gdt.o
 .debug_rnglists
                0x00000000000000ad       0x38 build/obj/arch/x86_64/interrupts.o
 .debug_rnglists
                0x00000000000000e5       0xfe build/obj/core/log.o
 .debug_rnglists
                0x00000000000001e3       0x51 build/obj/core/string.o
 .debug_rnglists
                0x0000000000000234       0x41 build/obj/diagnostics/profiler.o
 .debug_rnglists
                0x0000000000000275       0x8b build/obj/drivers/framebuffer.o
 .debug_rnglists
                0x0000000000000300       0xba build/obj/drivers/keyboard.o
 .debug_rnglists
                0x00000000000003ba      0x2f6 build/obj/drivers/pci.o
 .debug_rnglists
                0x00000000000006b0       0x1c build/obj/drivers/pic.o
 .debug_rnglists
                0x00000000000006cc       0x66 build/obj/drivers/rtc.o
 .debug_rnglists
                0x0000000000000732       0x54 build/obj/drivers/serial.o
 .debug_rnglists
                0x0000000000000786      0x2c6 build/obj/fs/ramfs.o
 .debug_rnglists
                0x0000000000000a4c       0x5d build/obj/main.o
 .debug_rnglists
                0x0000000000000aa9       0xaa build/obj/memory/allocator.o
 .debug_rnglists
                0x0000000000000b53       0x17 build/obj/memory/kernel_virtual_memory.o
 .debug_rnglists
                0x0000000000000b6a       0x75 build/obj/memory/physical_memory.o
 .debug_rnglists
                0x0000000000000bdf      0x129 build/obj/memory/virtual_memory.o
 .debug_rnglists
                0x0000000000000d08      0x3cd build/obj/net/network.o
 .debug_rnglists
                0x00000000000010d5      0x195 build/obj/shell/shell.o
 .debug_rnglists
                0x000000000000126a      0x2d0 build/obj/task/scheduler.o
 .debug_rnglists
                0x000000000000153a       0x58 build/obj/terminal.o
 .debug_rnglists
                0x0000000000001592       0x17 build/obj/ui/ui.o
